Component: ARM Compiler 6.16 Tool: armlink [5dfeaa00]

==============================================================================

Section Cross References

    at32f413_clock.o(.text.system_clock_config) refers to at32f413_crm.o(.text.crm_reset) for crm_reset
    at32f413_clock.o(.text.system_clock_config) refers to at32f413_crm.o(.text.crm_clock_source_enable) for crm_clock_source_enable
    at32f413_clock.o(.text.system_clock_config) refers to at32f413_crm.o(.text.crm_hext_stable_wait) for crm_hext_stable_wait
    at32f413_clock.o(.text.system_clock_config) refers to at32f413_crm.o(.text.crm_pll_config) for crm_pll_config
    at32f413_clock.o(.text.system_clock_config) refers to at32f413_crm.o(.text.crm_flag_get) for crm_flag_get
    at32f413_clock.o(.text.system_clock_config) refers to at32f413_crm.o(.text.crm_ahb_div_set) for crm_ahb_div_set
    at32f413_clock.o(.text.system_clock_config) refers to at32f413_crm.o(.text.crm_apb2_div_set) for crm_apb2_div_set
    at32f413_clock.o(.text.system_clock_config) refers to at32f413_crm.o(.text.crm_apb1_div_set) for crm_apb1_div_set
    at32f413_clock.o(.text.system_clock_config) refers to at32f413_crm.o(.text.crm_auto_step_mode_enable) for crm_auto_step_mode_enable
    at32f413_clock.o(.text.system_clock_config) refers to at32f413_crm.o(.text.crm_sysclk_switch) for crm_sysclk_switch
    at32f413_clock.o(.text.system_clock_config) refers to at32f413_crm.o(.text.crm_sysclk_switch_status_get) for crm_sysclk_switch_status_get
    at32f413_clock.o(.text.system_clock_config) refers to system_at32f413.o(.text.system_core_clock_update) for system_core_clock_update
    at32f413_clock.o(.ARM.exidx.text.system_clock_config) refers to at32f413_clock.o(.text.system_clock_config) for [Anonymous Symbol]
    at32f413_int.o(.ARM.exidx.text.NMI_Handler) refers to at32f413_int.o(.text.NMI_Handler) for [Anonymous Symbol]
    at32f413_int.o(.ARM.exidx.text.HardFault_Handler) refers to at32f413_int.o(.text.HardFault_Handler) for [Anonymous Symbol]
    at32f413_int.o(.ARM.exidx.text.MemManage_Handler) refers to at32f413_int.o(.text.MemManage_Handler) for [Anonymous Symbol]
    at32f413_int.o(.ARM.exidx.text.BusFault_Handler) refers to at32f413_int.o(.text.BusFault_Handler) for [Anonymous Symbol]
    at32f413_int.o(.ARM.exidx.text.UsageFault_Handler) refers to at32f413_int.o(.text.UsageFault_Handler) for [Anonymous Symbol]
    at32f413_int.o(.ARM.exidx.text.DebugMon_Handler) refers to at32f413_int.o(.text.DebugMon_Handler) for [Anonymous Symbol]
    main.o(.text.main) refers to at32f413_clock.o(.text.system_clock_config) for system_clock_config
    main.o(.text.main) refers to xtp_gpio.o(.text.xtp_gpio_init) for xtp_gpio_init
    main.o(.text.main) refers to xtp_create_task.o(.text.xtp_create_task) for xtp_create_task
    main.o(.text.main) refers to tasks.o(.text.vTaskStartScheduler) for vTaskStartScheduler
    main.o(.ARM.exidx.text.main) refers to main.o(.text.main) for [Anonymous Symbol]
    main.o(.text.vApplicationTickHook) refers to xtp_defines.o(.data.xtp_system) for xtp_system
    main.o(.text.vApplicationTickHook) refers to xtp_cross_platform.o(.data.io_get_level) for io_get_level
    main.o(.text.vApplicationTickHook) refers to tasks.o(.text.xTaskGetHandle) for xTaskGetHandle
    main.o(.text.vApplicationTickHook) refers to tasks.o(.text.xTaskGenericNotify) for xTaskGenericNotify
    main.o(.ARM.exidx.text.vApplicationTickHook) refers to main.o(.text.vApplicationTickHook) for [Anonymous Symbol]
    xtp_gpio.o(.text.xtp_gpio_init) refers to at32f413_crm.o(.text.crm_periph_clock_enable) for crm_periph_clock_enable
    xtp_gpio.o(.text.xtp_gpio_init) refers to at32f413_gpio.o(.text.gpio_default_para_init) for gpio_default_para_init
    xtp_gpio.o(.text.xtp_gpio_init) refers to at32f413_gpio.o(.text.gpio_init) for gpio_init
    xtp_gpio.o(.ARM.exidx.text.xtp_gpio_init) refers to xtp_gpio.o(.text.xtp_gpio_init) for [Anonymous Symbol]
    xtp_create_task.o(.text.xtp_create_task) refers to xtp_create_task.o(.bss.user_led_handle) for user_led_handle
    xtp_create_task.o(.text.xtp_create_task) refers to led.o(.text.led_task) for led_task
    xtp_create_task.o(.text.xtp_create_task) refers to tasks.o(.text.xTaskCreate) for xTaskCreate
    xtp_create_task.o(.ARM.exidx.text.xtp_create_task) refers to xtp_create_task.o(.text.xtp_create_task) for [Anonymous Symbol]
    system_at32f413.o(.ARM.exidx.text.SystemInit) refers to system_at32f413.o(.text.SystemInit) for [Anonymous Symbol]
    system_at32f413.o(.text.system_core_clock_update) refers to at32f413_crm.o(.text.crm_sysclk_switch_status_get) for crm_sysclk_switch_status_get
    system_at32f413.o(.text.system_core_clock_update) refers to system_at32f413.o(.data.system_core_clock) for system_core_clock
    system_at32f413.o(.ARM.exidx.text.system_core_clock_update) refers to system_at32f413.o(.text.system_core_clock_update) for [Anonymous Symbol]
[...]
    Removing at32f413_crm.o(.text.crm_hext_bypass), (26 bytes).
    Removing at32f413_crm.o(.ARM.exidx.text.crm_hext_bypass), (8 bytes).
    Removing at32f413_crm.o(.ARM.exidx.text.crm_flag_get), (8 bytes).
    Removing at32f413_crm.o(.ARM.exidx.text.crm_hext_stable_wait), (8 bytes).
    Removing at32f413_crm.o(.text.crm_hick_clock_trimming_set), (26 bytes).
    Removing at32f413_crm.o(.ARM.exidx.text.crm_hick_clock_trimming_set), (8 bytes).
    Removing at32f413_crm.o(.text.crm_hick_clock_calibration_set), (44 bytes).
    Removing at32f413_crm.o(.ARM.exidx.text.crm_hick_clock_calibration_set), (8 bytes).
    Removing at32f413_crm.o(.ARM.exidx.text.crm_periph_clock_enable), (8 bytes).
    Removing at32f413_crm.o(.text.crm_periph_reset), (40 bytes).
    Removing at32f413_crm.o(.ARM.exidx.text.crm_periph_reset), (8 bytes).
    Removing at32f413_crm.o(.text.crm_periph_sleep_mode_clock_enable), (40 bytes).
    Removing at32f413_crm.o(.ARM.exidx.text.crm_periph_sleep_mode_clock_enable), (8 bytes).
    Removing at32f413_crm.o(.ARM.exidx.text.crm_clock_source_enable), (8 bytes).
    Removing at32f413_crm.o(.text.crm_flag_clear), (172 bytes).
    Removing at32f413_crm.o(.ARM.exidx.text.crm_flag_clear), (8 bytes).
    Removing at32f413_crm.o(.text.crm_rtc_clock_select), (26 bytes).
    Removing at32f413_crm.o(.ARM.exidx.text.crm_rtc_clock_select), (8 bytes).
    Removing at32f413_crm.o(.text.crm_rtc_clock_enable), (26 bytes).
    Removing at32f413_crm.o(.ARM.exidx.text.crm_rtc_clock_enable), (8 bytes).
    Removing at32f413_crm.o(.ARM.exidx.text.crm_ahb_div_set), (8 bytes).
    Removing at32f413_crm.o(.ARM.exidx.text.crm_apb1_div_set), (8 bytes).
    Removing at32f413_crm.o(.ARM.exidx.text.crm_apb2_div_set), (8 bytes).
    Removing at32f413_crm.o(.text.crm_adc_clock_div_set), (30 bytes).
    Removing at32f413_crm.o(.ARM.exidx.text.crm_adc_clock_div_set), (8 bytes).
    Removing at32f413_crm.o(.text.crm_usb_clock_div_set), (30 bytes).
    Removing at32f413_crm.o(.ARM.exidx.text.crm_usb_clock_div_set), (8 bytes).
    Removing at32f413_crm.o(.text.crm_clock_failure_detection_enable), (26 bytes).
    Removing at32f413_crm.o(.ARM.exidx.text.crm_clock_failure_detection_enable), (8 bytes).
    Removing at32f413_crm.o(.text.crm_battery_powered_domain_reset), (26 bytes).
    Removing at32f413_crm.o(.ARM.exidx.text.crm_battery_powered_domain_reset), (8 bytes).
    Removing at32f413_crm.o(.ARM.exidx.text.crm_pll_config), (8 bytes).
    Removing at32f413_crm.o(.ARM.exidx.text.crm_sysclk_switch), (8 bytes).
    Removing at32f413_crm.o(.ARM.exidx.text.crm_sysclk_switch_status_get), (8 bytes).
    Removing at32f413_crm.o(.text.crm_clocks_freq_get), (236 bytes).
    Removing at32f413_crm.o(.ARM.exidx.text.crm_clocks_freq_get), (8 bytes).
    Removing at32f413_crm.o(.text.crm_clock_out_set), (30 bytes).
    Removing at32f413_crm.o(.ARM.exidx.text.crm_clock_out_set), (8 bytes).
    Removing at32f413_crm.o(.text.crm_interrupt_enable), (24 bytes).
    Removing at32f413_crm.o(.ARM.exidx.text.crm_interrupt_enable), (8 bytes).
    Removing at32f413_crm.o(.ARM.exidx.text.crm_auto_step_mode_enable), (8 bytes).
    Removing at32f413_crm.o(.text.crm_usb_interrupt_remapping_set), (18 bytes).
    Removing at32f413_crm.o(.ARM.exidx.text.crm_usb_interrupt_remapping_set), (8 bytes).
    Removing at32f413_crm.o(.text.crm_hick_divider_select), (26 bytes).
    Removing at32f413_crm.o(.ARM.exidx.text.crm_hick_divider_select), (8 bytes).
    Removing at32f413_crm.o(.text.crm_hick_sclk_frequency_select), (36 bytes).
    Removing at32f413_crm.o(.ARM.exidx.text.crm_hick_sclk_frequency_select), (8 bytes).
    Removing at32f413_crm.o(.text.crm_usb_clock_source_select), (40 bytes).
    Removing at32f413_crm.o(.ARM.exidx.text.crm_usb_clock_source_select), (8 bytes).
    Removing at32f413_crm.o(.text.crm_clkout_to_tmr10_enable), (26 bytes).
    Removing at32f413_crm.o(.ARM.exidx.text.crm_clkout_to_tmr10_enable), (8 bytes).
    Removing at32f413_crm.o(.text.crm_clkout_div_set), (22 bytes).
    Removing at32f413_crm.o(.ARM.exidx.text.crm_clkout_div_set), (8 bytes).
    Removing tasks.o(.text), (0 bytes).
    Removing tasks.o(.ARM.exidx.text.xTaskCreate), (8 bytes).
    Removing tasks.o(.ARM.exidx.text.prvInitialiseNewTask), (8 bytes).
    Removing tasks.o(.ARM.exidx.text.prvAddNewTaskToReadyList), (8 bytes).
    Removing tasks.o(.text.vTaskDelete), (214 bytes).
    Removing tasks.o(.ARM.exidx.text.vTaskDelete), (8 bytes).
    Removing tasks.o(.ARM.exidx.text.prvResetNextTaskUnblockTime), (8 bytes).
    Removing tasks.o(.ARM.exidx.text.prvDeleteTCB), (8 bytes).
    Removing tasks.o(.text.xTaskDelayUntil), (114 bytes).
    Removing tasks.o(.ARM.exidx.text.xTaskDelayUntil), (8 bytes).
    Removing tasks.o(.ARM.exidx.text.vTaskSuspendAll), (8 bytes).
    Removing tasks.o(.ARM.exidx.text.prvAddCurrentTaskToDelayedList), (8 bytes).
    Removing tasks.o(.ARM.exidx.text.xTaskResumeAll), (8 bytes).
    Removing tasks.o(.text.vTaskDelay), (52 bytes).
    Removing tasks.o(.ARM.exidx.text.vTaskDelay), (8 bytes).
    Removing tasks.o(.text.uxTaskPriorityGet), (30 bytes).
    Removing tasks.o(.ARM.exidx.text.uxTaskPriorityGet), (8 bytes).
    Removing tasks.o(.text.uxTaskPriorityGetFromISR), (40 bytes).
    Removing tasks.o(.ARM.exidx.text.uxTaskPriorityGetFromISR), (8 bytes).
    Removing tasks.o(.text.vTaskPrioritySet), (230 bytes).
    Removing tasks.o(.ARM.exidx.text.vTaskPrioritySet), (8 bytes).
    Removing tasks.o(.text.vTaskSuspend), (218 bytes).
    Removing tasks.o(.ARM.exidx.text.vTaskSuspend), (8 bytes).
    Removing tasks.o(.ARM.exidx.text.vTaskSwitchContext), (8 bytes).
    Removing tasks.o(.text.vTaskResume), (152 bytes).
    Removing tasks.o(.ARM.exidx.text.vTaskResume), (8 bytes).
    Removing tasks.o(.text.prvTaskIsTaskSuspended), (28 bytes).
    Removing tasks.o(.ARM.exidx.text.prvTaskIsTaskSuspended), (8 bytes).
    Removing tasks.o(.text.xTaskResumeFromISR), (182 bytes).
    Removing tasks.o(.ARM.exidx.text.xTaskResumeFromISR), (8 bytes).
    Removing tasks.o(.ARM.exidx.text.vTaskStartScheduler), (8 bytes).
    Removing tasks.o(.ARM.exidx.text.prvIdleTask), (8 bytes).
    Removing tasks.o(.text.vTaskEndScheduler), (36 bytes).
    Removing tasks.o(.ARM.exidx.text.vTaskEndScheduler), (8 bytes).
    Removing tasks.o(.ARM.exidx.text.xTaskIncrementTick), (8 bytes).
    Removing tasks.o(.text.xTaskGetTickCount), (12 bytes).
    Removing tasks.o(.ARM.exidx.text.xTaskGetTickCount), (8 bytes).
    Removing tasks.o(.text.xTaskGetTickCountFromISR), (12 bytes).
    Removing tasks.o(.ARM.exidx.text.xTaskGetTickCountFromISR), (8 bytes).
    Removing tasks.o(.text.uxTaskGetNumberOfTasks), (12 bytes).
    Removing tasks.o(.ARM.exidx.text.uxTaskGetNumberOfTasks), (8 bytes).
    Removing tasks.o(.text.pcTaskGetName), (20 bytes).
    Removing tasks.o(.ARM.exidx.text.pcTaskGetName), (8 bytes).
    Removing tasks.o(.ARM.exidx.text.xTaskGetHandle), (8 bytes).
    Removing tasks.o(.ARM.exidx.text.prvSearchForNameWithinSingleList), (8 bytes).
    Removing tasks.o(.text.xTaskCatchUpTicks), (36 bytes).
    Removing tasks.o(.ARM.exidx.text.xTaskCatchUpTicks), (8 bytes).
    Removing tasks.o(.text.vTaskPlaceOnEventList), (30 bytes).
    Removing tasks.o(.ARM.exidx.text.vTaskPlaceOnEventList), (8 bytes).
    Removing tasks.o(.text.vTaskPlaceOnUnorderedEventList), (84 bytes).
    Removing tasks.o(.ARM.exidx.text.vTaskPlaceOnUnorderedEventList), (8 bytes).
    Removing tasks.o(.text.xTaskRemoveFromEventList), (218 bytes).
    Removing tasks.o(.ARM.exidx.text.xTaskRemoveFromEventList), (8 bytes).
    Removing tasks.o(.text.vTaskRemoveFromUnorderedEventList), (178 bytes).
    Removing tasks.o(.ARM.exidx.text.vTaskRemoveFromUnorderedEventList), (8 bytes).
    Removing tasks.o(.text.vTaskSetTimeOutState), (38 bytes).
    Removing tasks.o(.ARM.exidx.text.vTaskSetTimeOutState), (8 bytes).
    Removing tasks.o(.text.vTaskInternalSetTimeOutState), (26 bytes).
    Removing tasks.o(.ARM.exidx.text.vTaskInternalSetTimeOutState), (8 bytes).
    Removing tasks.o(.text.xTaskCheckForTimeOut), (96 bytes).
    Removing tasks.o(.ARM.exidx.text.xTaskCheckForTimeOut), (8 bytes).
    Removing tasks.o(.text.vTaskMissedYield), (14 bytes).
    Removing tasks.o(.ARM.exidx.text.vTaskMissedYield), (8 bytes).
    Removing tasks.o(.text.xTaskGetCurrentTaskHandle), (12 bytes).
    Removing tasks.o(.ARM.exidx.text.xTaskGetCurrentTaskHandle), (8 bytes).
    Removing tasks.o(.text.uxTaskResetEventItemValue), (26 bytes).
    Removing tasks.o(.ARM.exidx.text.uxTaskResetEventItemValue), (8 bytes).
    Removing tasks.o(.ARM.exidx.text.ulTaskGenericNotifyTake), (8 bytes).
    Removing tasks.o(.text.xTaskGenericNotifyWait), (160 bytes).
    Removing tasks.o(.ARM.exidx.text.xTaskGenericNotifyWait), (8 bytes).
    Removing tasks.o(.ARM.exidx.text.xTaskGenericNotify), (8 bytes).
    Removing tasks.o(.text.xTaskGenericNotifyFromISR), (300 bytes).
    Removing tasks.o(.ARM.exidx.text.xTaskGenericNotifyFromISR), (8 bytes).
    Removing tasks.o(.text.vTaskGenericNotifyGiveFromISR), (234 bytes).
    Removing tasks.o(.ARM.exidx.text.vTaskGenericNotifyGiveFromISR), (8 bytes).
    Removing tasks.o(.text.xTaskGenericNotifyStateClear), (46 bytes).
    Removing tasks.o(.ARM.exidx.text.xTaskGenericNotifyStateClear), (8 bytes).
    Removing tasks.o(.text.ulTaskGenericNotifyValueClear), (44 bytes).
    Removing tasks.o(.ARM.exidx.text.ulTaskGenericNotifyValueClear), (8 bytes).
    Removing tasks.o(.ARM.exidx.text.prvInitialiseTaskLists), (8 bytes).
    Removing tasks.o(.ARM.exidx.text.prvCheckTasksWaitingTermination), (8 bytes).
    Removing heap_4.o(.text), (0 bytes).
    Removing heap_4.o(.ARM.exidx.text.pvPortMalloc), (8 bytes).
    Removing heap_4.o(.ARM.exidx.text.prvHeapInit), (8 bytes).
    Removing heap_4.o(.ARM.exidx.text.prvInsertBlockIntoFreeList), (8 bytes).
    Removing heap_4.o(.ARM.exidx.text.vPortFree), (8 bytes).
    Removing heap_4.o(.text.xPortGetFreeHeapSize), (12 bytes).
    Removing heap_4.o(.ARM.exidx.text.xPortGetFreeHeapSize), (8 bytes).
    Removing heap_4.o(.text.xPortGetMinimumEverFreeHeapSize), (12 bytes).
    Removing heap_4.o(.ARM.exidx.text.xPortGetMinimumEverFreeHeapSize), (8 bytes).
    Removing heap_4.o(.text.vPortInitialiseBlocks), (2 bytes).
    Removing heap_4.o(.ARM.exidx.text.vPortInitialiseBlocks), (8 bytes).
    Removing heap_4.o(.text.pvPortCalloc), (40 bytes).
    Removing heap_4.o(.ARM.exidx.text.pvPortCalloc), (8 bytes).
    Removing heap_4.o(.text.vPortGetHeapStats), (152 bytes).
    Removing heap_4.o(.ARM.exidx.text.vPortGetHeapStats), (8 bytes).
    Removing list.o(.text), (0 bytes).
    Removing list.o(.ARM.exidx.text.vListInitialise), (8 bytes).
    Removing list.o(.ARM.exidx.text.vListInitialiseItem), (8 bytes).
    Removing list.o(.text.vListInsertEnd), (28 bytes).
    Removing list.o(.ARM.exidx.text.vListInsertEnd), (8 bytes).
    Removing list.o(.ARM.exidx.text.vListInsert), (8 bytes).
    Removing list.o(.ARM.exidx.text.uxListRemove), (8 bytes).
    Removing port.o(.text), (0 bytes).
    Removing port.o(.ARM.exidx.text.pxPortInitialiseStack), (8 bytes).
    Removing port.o(.ARM.exidx.text.prvTaskExitError), (8 bytes).
    Removing port.o(.ARM.exidx.text.SVC_Handler), (8 bytes).
    Removing port.o(.ARM.exidx.text.xPortStartScheduler), (8 bytes).
    Removing port.o(.ARM.exidx.text.vPortSetupTimerInterrupt), (8 bytes).
    Removing port.o(.ARM.exidx.text.vPortEnableVFP), (8 bytes).
    Removing port.o(.ARM.exidx.text.prvPortStartFirstTask), (8 bytes).
    Removing port.o(.text.vPortEndScheduler), (2 bytes).
    Removing port.o(.ARM.exidx.text.vPortEndScheduler), (8 bytes).
    Removing port.o(.ARM.exidx.text.vPortEnterCritical), (8 bytes).
    Removing port.o(.ARM.exidx.text.vPortExitCritical), (8 bytes).
    Removing port.o(.ARM.exidx.text.PendSV_Handler), (8 bytes).
    Removing port.o(.ARM.exidx.text.SysTick_Handler), (8 bytes).
    Removing led.o(.text), (0 bytes).
    Removing led.o(.ARM.exidx.text.toggle_sys), (8 bytes).
    Removing led.o(.ARM.exidx.text.on_sys), (8 bytes).
    Removing led.o(.ARM.exidx.text.off_sys), (8 bytes).
    Removing led.o(.ARM.exidx.text.led_task), (8 bytes).
    Removing xtp_cross_platform.o(.text), (0 bytes).

262 unused section(s) (total 6176 bytes) removed from the image.

==============================================================================

Image Symbol Table

    Local Symbols

    Symbol Name                              Value     Ov Type        Size  Object(Section)

    ../clib/angel/boardlib.s                 0x00000000   Number         0  boardinit1.o ABSOLUTE
    ../clib/angel/boardlib.s                 0x00000000   Number         0  boardinit2.o ABSOLUTE
    ../clib/angel/boardlib.s                 0x00000000   Number         0  boardinit3.o ABSOLUTE
    ../clib/angel/boardlib.s                 0x00000000   Number         0  boardshut.o ABSOLUTE
    ../clib/angel/handlers.s                 0x00000000   Number         0  __scatter_copy.o ABSOLUTE
    ../clib/angel/handlers.s                 0x00000000   Number         0  __scatter_zi.o ABSOLUTE
    ../clib/angel/kernel.s                   0x00000000   Number         0  __rtentry.o ABSOLUTE
    ../clib/angel/kernel.s                   0x00000000   Number         0  __rtentry2.o ABSOLUTE
    ../clib/angel/kernel.s                   0x00000000   Number         0  __rtentry4.o ABSOLUTE
    ../clib/angel/kernel.s                   0x00000000   Number         0  rtexit.o ABSOLUTE
    ../clib/angel/kernel.s                   0x00000000   Number         0  rtexit2.o ABSOLUTE
    ../clib/angel/rt.s                       0x00000000   Number         0  rt_raise.o ABSOLUTE
    ../clib/angel/scatter.s                  0x00000000   Number         0  __scatter.o ABSOLUTE
    ../clib/angel/startup.s                  0x00000000   Number         0  __main.o ABSOLUTE
    ../clib/angel/sys.s                      0x00000000   Number         0  sys_stackheap_outer.o ABSOLUTE
    ../clib/angel/sys.s                      0x00000000   Number         0  libspace.o ABSOLUTE
    ../clib/angel/sys.s                      0x00000000   Number         0  use_no_semi.o ABSOLUTE
    ../clib/angel/sys.s                      0x00000000   Number         0  indicate_semi.o ABSOLUTE
    ../clib/angel/sysapp.c                   0x00000000   Number         0  sys_exit.o ABSOLUTE
    ../clib/angel/sysapp.c                   0x00000000   Number         0  sys_exit_hlt.o ABSOLUTE
    ../clib/angel/sysapp.c                   0x00000000   Number         0  sys_command.o ABSOLUTE
    ../clib/angel/sysapp.c                   0x00000000   Number         0  sys_command_hlt.o ABSOLUTE
    ../clib/angel/sysapp.c                   0x00000000   Number         0  sys_wrch.o ABSOLUTE
    ../clib/angel/sysapp.c                   0x00000000   Number         0  sys_wrch_hlt.o ABSOLUTE
    ../clib/armsys.c                         0x00000000   Number         0  argv_veneer.o ABSOLUTE
    ../clib/armsys.c                         0x00000000   Number         0  argv_veneer.o ABSOLUTE
    ../clib/armsys.c                         0x00000000   Number         0  _get_argv_nomalloc.o ABSOLUTE
    ../clib/armsys.c                         0x00000000   Number         0  no_argv.o ABSOLUTE
    ../clib/heapalloc.c                      0x00000000   Number         0  hrguard.o ABSOLUTE
    ../clib/heapaux.c                        0x00000000   Number         0  heapauxi.o ABSOLUTE
    ../clib/libinit.s                        0x00000000   Number         0  libinit.o ABSOLUTE
    ../clib/libinit.s                        0x00000000   Number         0  libinit2.o ABSOLUTE
    ../clib/libinit.s                        0x00000000   Number         0  libshutdown.o ABSOLUTE
    ../clib/libinit.s                        0x00000000   Number         0  libshutdown2.o ABSOLUTE
    ../clib/memcpset.s                       0x00000000   Number         0  rt_memclr.o ABSOLUTE
    ../clib/memcpset.s                       0x00000000   Number         0  rt_memclr_w.o ABSOLUTE
    ../clib/signal.c                         0x00000000   Number         0  defsig_rtmem_outer.o ABSOLUTE
    ../clib/signal.c                         0x00000000   Number         0  defsig_rtmem_formal.o ABSOLUTE
    ../clib/signal.c                         0x00000000   Number         0  defsig_exit.o ABSOLUTE
    ../clib/signal.c                         0x00000000   Number         0  defsig_rtmem_inner.o ABSOLUTE
    ../clib/signal.c                         0x00000000   Number         0  __raise.o ABSOLUTE
    ../clib/signal.c                         0x00000000   Number         0  defsig_general.o ABSOLUTE
    ../clib/signal.c                         0x00000000   Number         0  defsig_abrt_inner.o ABSOLUTE
    ../clib/signal.c                         0x00000000   Number         0  defsig_fpe_inner.o ABSOLUTE
    ../clib/signal.c                         0x00000000   Number         0  defsig_rtred_inner.o ABSOLUTE
    ../clib/signal.c                         0x00000000   Number         0  defsig_stak_inner.o ABSOLUTE
    ../clib/signal.c                         0x00000000   Number         0  defsig_pvfn_inner.o ABSOLUTE
    ../clib/signal.c                         0x00000000   Number         0  defsig_cppl_inner.o ABSOLUTE
    ../clib/signal.c                         0x00000000   Number         0  defsig_segv_inner.o ABSOLUTE
    ../clib/signal.c                         0x00000000   Number         0  defsig_other.o ABSOLUTE
    ../clib/signal.s                         0x00000000   Number         0  defsig.o ABSOLUTE
    ../clib/stdlib.c                         0x00000000   Number         0  exit.o ABSOLUTE
    ../fplib/fpinit.s                        0x00000000   Number         0  fpinit.o ABSOLUTE
    at32f413_clock.c                         0x00000000   Number         0  at32f413_clock.o ABSOLUTE
    at32f413_crm.c                           0x00000000   Number         0  at32f413_crm.o ABSOLUTE
    at32f413_gpio.c                          0x00000000   Number         0  at32f413_gpio.o ABSOLUTE
    at32f413_int.c                           0x00000000   Number         0  at32f413_int.o ABSOLUTE
    at32f413_misc.c                          0x00000000   Number         0  at32f413_misc.o ABSOLUTE
    dc.s                                     0x00000000   Number         0  dc.o ABSOLUTE
    heap_4.c                                 0x00000000   Number         0  heap_4.o ABSOLUTE
    led.c                                    0x00000000   Number         0  led.o ABSOLUTE
    libraries/cmsis/cm4/device_support/startup/mdk/startup_at32f413.s 0x00000000   Number         0  startup_at32f413.o ABSOLUTE
    list.c                                   0x00000000   Number         0  list.o ABSOLUTE
    main.c                                   0x00000000   Number         0  main.o ABSOLUTE
    port.c                                   0x00000000   Number         0  port.o ABSOLUTE
    system_at32f413.c                        0x00000000   Number         0  system_at32f413.o ABSOLUTE
    tasks.c                                  0x00000000   Number         0  tasks.o ABSOLUTE
    xtp_create_task.c                        0x00000000   Number         0  xtp_create_task.o ABSOLUTE
    xtp_cross_platform.c                     0x00000000   Number         0  xtp_cross_platform.o ABSOLUTE
    xtp_defines.c                            0x00000000   Number         0  xtp_defines.o ABSOLUTE
    xtp_gpio.c                               0x00000000   Number         0  xtp_gpio.o ABSOLUTE
    RESET                                    0x08000000   Section      368  startup_at32f413.o(RESET)
    !!!main                                  0x08000170   Section        8  __main.o(!!!main)
    !!!scatter                               0x08000178   Section       52  __scatter.o(!!!scatter)
    !!handler_copy                           0x080001ac   Section       26  __scatter_copy.o(!!handler_copy)
    !!handler_zi                             0x080001c8   Section       28  __scatter_zi.o(!!handler_zi)
    .ARM.Collect$$libinit$$00000000          0x080001e4   Section        2  libinit.o(.ARM.Collect$$libinit$$00000000)
    .ARM.Collect$$libinit$$00000001          0x080001e6   Section        4  libinit2.o(.ARM.Collect$$libinit$$00000001)
    .ARM.Collect$$libinit$$00000004          0x080001ea   Section        0  libinit2.o(.ARM.Collect$$libinit$$00000004)
    .ARM.Collect$$libinit$$0000000A          0x080001ea   Section        0  libinit2.o(.ARM.Collect$$libinit$$0000000A)
    .ARM.Collect$$libinit$$0000000C          0x080001ea   Section        0  libinit2.o(.ARM.Collect$$libinit$$0000000C)
    .ARM.Collect$$libinit$$0000000E          0x080001ea   Section        0  libinit2.o(.ARM.Collect$$libinit$$0000000E)
    .ARM.Collect$$libinit$$00000011          0x080001ea   Section        0  libinit2.o(.ARM.Collect$$libinit$$00000011)
    .ARM.Collect$$libinit$$00000013          0x080001ea   Section        0  libinit2.o(.ARM.Collect$$libinit$$00000013)
    .ARM.Collect$$libinit$$00000015          0x080001ea   Section        0  libinit2.o(.ARM.Collect$$libinit$$00000015)
    .ARM.Collect$$libinit$$00000017          0x080001ea   Section        0  libinit2.o(.ARM.Collect$$libinit$$00000017)
    .ARM.Collect$$libinit$$00000019          0x080001ea   Section        0  libinit2.o(.ARM.Collect$$libinit$$00000019)
    .ARM.Collect$$libinit$$0000001B          0x080001ea   Section        0  libinit2.o(.ARM.Collect$$libinit$$0000001B)
    .ARM.Collect$$libinit$$0000001D          0x080001ea   Section        0  libinit2.o(.ARM.Collect$$libinit$$0000001D)
    .ARM.Collect$$libinit$$0000001F          0x080001ea   Section        0  libinit2.o(.ARM.Collect$$libinit$$0000001F)
    .ARM.Collect$$libinit$$00000021          0x080001ea   Section        0  libinit2.o(.ARM.Collect$$libinit$$00000021)
    .ARM.Collect$$libinit$$00000023          0x080001ea   Section        0  libinit2.o(.ARM.Collect$$libinit$$00000023)
    .ARM.Collect$$libinit$$00000025          0x080001ea   Section        0  libinit2.o(.ARM.Collect$$libinit$$00000025)
    .ARM.Collect$$libinit$$0000002C          0x080001ea   Section        0  libinit2.o(.ARM.Collect$$libinit$$0000002C)
    .ARM.Collect$$libinit$$0000002E          0x080001ea   Section        0  libinit2.o(.ARM.Collect$$libinit$$0000002E)
    .ARM.Collect$$libinit$$00000030          0x080001ea   Section        0  libinit2.o(.ARM.Collect$$libinit$$00000030)
    .ARM.Collect$$libinit$$00000032          0x080001ea   Section        0  libinit2.o(.ARM.Collect$$libinit$$00000032)
    .ARM.Collect$$libinit$$00000033          0x080001ea   Section        2  libinit2.o(.ARM.Collect$$libinit$$00000033)
    .ARM.Collect$$libshutdown$$00000000      0x080001ec   Section        2  libshutdown.o(.ARM.Collect$$libshutdown$$00000000)
    .ARM.Collect$$libshutdown$$00000002      0x080001ee   Section        0  libshutdown2.o(.ARM.Collect$$libshutdown$$00000002)
    .ARM.Collect$$libshutdown$$00000004      0x080001ee   Section        0  libshutdown2.o(.ARM.Collect$$libshutdown$$00000004)
    .ARM.Collect$$libshutdown$$00000007      0x080001ee   Section        0  libshutdown2.o(.ARM.Collect$$libshutdown$$00000007)
    .ARM.Collect$$libshutdown$$0000000A      0x080001ee   Section        0  libshutdown2.o(.ARM.Collect$$libshutdown$$0000000A)
    .ARM.Collect$$libshutdown$$0000000C      0x080001ee   Section        0  libshutdown2.o(.ARM.Collect$$libshutdown$$0000000C)
    .ARM.Collect$$libshutdown$$0000000F      0x080001ee   Section        0  libshutdown2.o(.ARM.Collect$$libshutdown$$0000000F)
    .ARM.Collect$$libshutdown$$00000010      0x080001ee   Section        2  libshutdown2.o(.ARM.Collect$$libshutdown$$00000010)
    .ARM.Collect$$rtentry$$00000000          0x080001f0   Section        0  __rtentry.o(.ARM.Collect$$rtentry$$00000000)
    .ARM.Collect$$rtentry$$00000002          0x080001f0   Section        0  __rtentry2.o(.ARM.Collect$$rtentry$$00000002)
    .ARM.Collect$$rtentry$$00000004          0x080001f0   Section        6  __rtentry4.o(.ARM.Collect$$rtentry$$00000004)
    .ARM.Collect$$rtentry$$00000009          0x080001f6   Section        0  __rtentry2.o(.ARM.Collect$$rtentry$$00000009)
    .ARM.Collect$$rtentry$$0000000A          0x080001f6   Section        4  __rtentry2.o(.ARM.Collect$$rtentry$$0000000A)
    .ARM.Collect$$rtentry$$0000000C          0x080001fa   Section        0  __rtentry2.o(.ARM.Collect$$rtentry$$0000000C)
    .ARM.Collect$$rtentry$$0000000D          0x080001fa   Section        8  __rtentry2.o(.ARM.Collect$$rtentry$$0000000D)
    .ARM.Collect$$rtexit$$00000000           0x08000202   Section        2  rtexit.o(.ARM.Collect$$rtexit$$00000000)
    .ARM.Collect$$rtexit$$00000002           0x08000204   Section        0  rtexit2.o(.ARM.Collect$$rtexit$$00000002)
    .ARM.Collect$$rtexit$$00000003           0x08000204   Section        4  rtexit2.o(.ARM.Collect$$rtexit$$00000003)
    .ARM.Collect$$rtexit$$00000004           0x08000208   Section        6  rtexit2.o(.ARM.Collect$$rtexit$$00000004)
    $v0                                      0x08000210   Number         0  startup_at32f413.o(.text)
    .text                                    0x08000210   Section       64  startup_at32f413.o(.text)
    .text                                    0x08000250   Section       68  rt_memclr.o(.text)
    .text                                    0x08000294   Section        0  heapauxi.o(.text)
    .text                                    0x0800029a   Section       78  rt_memclr_w.o(.text)
    .text                                    0x080002e8   Section       74  sys_stackheap_outer.o(.text)
    .text                                    0x08000332   Section        0  exit.o(.text)
    .text                                    0x08000344   Section        8  libspace.o(.text)
    .text                                    0x0800034c   Section        0  sys_exit.o(.text)
    .text                                    0x08000358   Section        2  use_no_semi.o(.text)
    .text                                    0x0800035a   Section        0  indicate_semi.o(.text)
    [Anonymous Symbol]                       0x0800035c   Section        0  at32f413_int.o(.text.BusFault_Handler)
    [Anonymous Symbol]                       0x08000360   Section        0  at32f413_int.o(.text.DebugMon_Handler)
    [Anonymous Symbol]                       0x08000364   Section        0  at32f413_int.o(.text.HardFault_Handler)
    [Anonymous Symbol]                       0x08000368   Section        0  at32f413_int.o(.text.MemManage_Handler)
    [Anonymous Symbol]                       0x0800036c   Section        0  at32f413_int.o(.text.NMI_Handler)
    [Anonymous Symbol]                       0x08000370   Section        0  port.o(.text.PendSV_Handler)
    pxCurrentTCBConst                        0x080003d0   Number         0  port.o(.text.PendSV_Handler)
    [Anonymous Symbol]                       0x080003e0   Section        0  port.o(.text.SVC_Handler)
    pxCurrentTCBConst2                       0x08000400   Number         0  port.o(.text.SVC_Handler)
    [Anonymous Symbol]                       0x08000404   Section        0  port.o(.text.SysTick_Handler)
    [Anonymous Symbol]                       0x08000434   Section        0  system_at32f413.o(.text.SystemInit)
    [Anonymous Symbol]                       0x08000490   Section        0  at32f413_int.o(.text.UsageFault_Handler)
    [Anonymous Symbol]                       0x08000494   Section        0  at32f413_crm.o(.text.crm_ahb_div_set)
    [Anonymous Symbol]                       0x080004b0   Section        0  at32f413_crm.o(.text.crm_apb1_div_set)
    [Anonymous Symbol]                       0x080004cc   Section        0  at32f413_crm.o(.text.crm_apb2_div_set)
    [Anonymous Symbol]                       0x080004e8   Section        0  at32f413_crm.o(.text.crm_auto_step_mode_enable)
    [Anonymous Symbol]                       0x08000500   Section        0  at32f413_crm.o(.text.crm_clock_source_enable)
    [Anonymous Symbol]                       0x0800057c   Section        0  at32f413_crm.o(.text.crm_flag_get)
    [Anonymous Symbol]                       0x08000598   Section        0  at32f413_crm.o(.text.crm_hext_stable_wait)
    [Anonymous Symbol]                       0x080005c0   Section        0  at32f413_crm.o(.text.crm_periph_clock_enable)
    [Anonymous Symbol]                       0x080005e8   Section        0  at32f413_crm.o(.text.crm_pll_config)
    [Anonymous Symbol]                       0x08000658   Section        0  at32f413_crm.o(.text.crm_reset)
    [Anonymous Symbol]                       0x0800069c   Section        0  at32f413_crm.o(.text.crm_sysclk_switch)
    [Anonymous Symbol]                       0x080006b0   Section        0  at32f413_crm.o(.text.crm_sysclk_switch_status_get)
    [Anonymous Symbol]                       0x080006c0   Section        0  at32f413_gpio.o(.text.gpio_bits_write)
    [Anonymous Symbol]                       0x080006cc   Section        0  at32f413_gpio.o(.text.gpio_default_para_init)
    [Anonymous Symbol]                       0x080006e0   Section        0  at32f413_gpio.o(.text.gpio_init)
    [Anonymous Symbol]                       0x080007a0   Section        0  at32f413_gpio.o(.text.gpio_input_data_bit_read)
    [Anonymous Symbol]                       0x080007b0   Section        0  led.o(.text.led_task)
    [Anonymous Symbol]                       0x080007cc   Section        0  main.o(.text.main)
    off_sys                                  0x080007e1   Thumb Code    28  led.o(.text.off_sys)
    [Anonymous Symbol]                       0x080007e0   Section        0  led.o(.text.off_sys)
    on_sys                                   0x080007fd   Thumb Code    28  led.o(.text.on_sys)
    [Anonymous Symbol]                       0x080007fc   Section        0  led.o(.text.on_sys)
    prvAddCurrentTaskToDelayedList           0x08000819   Thumb Code   190  tasks.o(.text.prvAddCurrentTaskToDelayedList)
    [Anonymous Symbol]                       0x08000818   Section        0  tasks.o(.text.prvAddCurrentTaskToDelayedList)
    prvAddNewTaskToReadyList                 0x080008d9   Thumb Code   204  tasks.o(.text.prvAddNewTaskToReadyList)
    [Anonymous Symbol]                       0x080008d8   Section        0  tasks.o(.text.prvAddNewTaskToReadyList)
    prvCheckTasksWaitingTermination          0x080009a5   Thumb Code    78  tasks.o(.text.prvCheckTasksWaitingTermination)
    [Anonymous Symbol]                       0x080009a4   Section        0  tasks.o(.text.prvCheckTasksWaitingTermination)
    prvDeleteTCB                             0x080009f5   Thumb Code    18  tasks.o(.text.prvDeleteTCB)
    [Anonymous Symbol]                       0x080009f4   Section        0  tasks.o(.text.prvDeleteTCB)
    prvHeapInit                              0x08000a09   Thumb Code   106  heap_4.o(.text.prvHeapInit)
    [Anonymous Symbol]                       0x08000a08   Section        0  heap_4.o(.text.prvHeapInit)
    prvIdleTask                              0x08000a75   Thumb Code    42  tasks.o(.text.prvIdleTask)
    [Anonymous Symbol]                       0x08000a74   Section        0  tasks.o(.text.prvIdleTask)
    prvInitialiseNewTask                     0x08000aa1   Thumb Code   118  tasks.o(.text.prvInitialiseNewTask)
    [Anonymous Symbol]                       0x08000aa0   Section        0  tasks.o(.text.prvInitialiseNewTask)
    prvInitialiseTaskLists                   0x08000b19   Thumb Code   110  tasks.o(.text.prvInitialiseTaskLists)
    [Anonymous Symbol]                       0x08000b18   Section        0  tasks.o(.text.prvInitialiseTaskLists)
    prvInsertBlockIntoFreeList               0x08000b89   Thumb Code    90  heap_4.o(.text.prvInsertBlockIntoFreeList)
    [Anonymous Symbol]                       0x08000b88   Section        0  heap_4.o(.text.prvInsertBlockIntoFreeList)
    prvPortStartFirstTask                    0x08000be5   Thumb Code    40  port.o(.text.prvPortStartFirstTask)
    [Anonymous Symbol]                       0x08000be4   Section        0  port.o(.text.prvPortStartFirstTask)
    prvResetNextTaskUnblockTime              0x08000c0d   Thumb Code    38  tasks.o(.text.prvResetNextTaskUnblockTime)
    [Anonymous Symbol]                       0x08000c0c   Section        0  tasks.o(.text.prvResetNextTaskUnblockTime)
    prvSearchForNameWithinSingleList         0x08000c35   Thumb Code   106  tasks.o(.text.prvSearchForNameWithinSingleList)
    [Anonymous Symbol]                       0x08000c34   Section        0  tasks.o(.text.prvSearchForNameWithinSingleList)
    prvTaskExitError                         0x08000ca1   Thumb Code    34  port.o(.text.prvTaskExitError)
    [Anonymous Symbol]                       0x08000ca0   Section        0  port.o(.text.prvTaskExitError)
    [Anonymous Symbol]                       0x08000cc4   Section        0  heap_4.o(.text.pvPortMalloc)
    [Anonymous Symbol]                       0x08000dac   Section        0  port.o(.text.pxPortInitialiseStack)
    [Anonymous Symbol]                       0x08000dd4   Section        0  at32f413_clock.o(.text.system_clock_config)
    [Anonymous Symbol]                       0x08000e3c   Section        0  system_at32f413.o(.text.system_core_clock_update)
    system_core_clock_update.sys_ahb_div_table 0x08000ed8   Number         0  system_at32f413.o(.text.system_core_clock_update)
    toggle_sys                               0x08000ee9   Thumb Code    18  led.o(.text.toggle_sys)
    [Anonymous Symbol]                       0x08000ee8   Section        0  led.o(.text.toggle_sys)
    [Anonymous Symbol]                       0x08000efc   Section        0  tasks.o(.text.ulTaskGenericNotifyTake)
    [Anonymous Symbol]                       0x08000f7c   Section        0  list.o(.text.uxListRemove)
    [Anonymous Symbol]                       0x08000fa0   Section        0  main.o(.text.vApplicationTickHook)
    [Anonymous Symbol]                       0x0800102c   Section        0  list.o(.text.vListInitialise)
    [Anonymous Symbol]                       0x08001044   Section        0  list.o(.text.vListInitialiseItem)
    [Anonymous Symbol]                       0x0800104c   Section        0  list.o(.text.vListInsert)
    vPortEnableVFP                           0x08001089   Thumb Code    20  port.o(.text.vPortEnableVFP)
    [Anonymous Symbol]                       0x08001088   Section        0  port.o(.text.vPortEnableVFP)
    [Anonymous Symbol]                       0x0800109c   Section        0  port.o(.text.vPortEnterCritical)
    [Anonymous Symbol]                       0x080010bc   Section        0  port.o(.text.vPortExitCritical)
    [Anonymous Symbol]                       0x080010d8   Section        0  heap_4.o(.text.vPortFree)
    [Anonymous Symbol]                       0x08001130   Section        0  port.o(.text.vPortSetupTimerInterrupt)
    [Anonymous Symbol]                       0x08001164   Section        0  tasks.o(.text.vTaskStartScheduler)
    [Anonymous Symbol]                       0x080011dc   Section        0  tasks.o(.text.vTaskSuspendAll)
    __tagsym$$used.0                         0x080011ec   Number         0  tasks.o(.text.vTaskSwitchContext)
    [Anonymous Symbol]                       0x080011ec   Section        0  tasks.o(.text.vTaskSwitchContext)
    [Anonymous Symbol]                       0x08001258   Section        0  port.o(.text.xPortStartScheduler)
    [Anonymous Symbol]                       0x080012a4   Section        0  tasks.o(.text.xTaskCreate)
    [Anonymous Symbol]                       0x0800130c   Section        0  tasks.o(.text.xTaskGenericNotify)
    [Anonymous Symbol]                       0x08001404   Section        0  tasks.o(.text.xTaskGetHandle)
    [Anonymous Symbol]                       0x08001490   Section        0  tasks.o(.text.xTaskIncrementTick)
    [Anonymous Symbol]                       0x08001634   Section        0  tasks.o(.text.xTaskResumeAll)
    [Anonymous Symbol]                       0x08001788   Section        0  xtp_create_task.o(.text.xtp_create_task)
    [Anonymous Symbol]                       0x080017c4   Section        0  xtp_gpio.o(.text.xtp_gpio_init)
    $v0                                      0x0800181c   Number         0  fpinit.o(x$fpl$fpinit)
    x$fpl$fpinit                             0x0800181c   Section       26  fpinit.o(x$fpl$fpinit)
    uxCriticalNesting                        0x20000018   Data           4  port.o(.data.uxCriticalNesting)
    [Anonymous Symbol]                       0x20000018   Section        0  port.o(.data.uxCriticalNesting)
    .bss                                     0x20000048   Section       96  libspace.o(.bss)
    __tagsym$$used.1                         0x200000a8   Number         0  tasks.o(.bss.pxCurrentTCB)
    pxDelayedTaskList                        0x200000ac   Data           4  tasks.o(.bss.pxDelayedTaskList)
    [Anonymous Symbol]                       0x200000ac   Section        0  tasks.o(.bss.pxDelayedTaskList)
    pxEnd                                    0x200000b0   Data           4  heap_4.o(.bss.pxEnd)
    [Anonymous Symbol]                       0x200000b0   Section        0  heap_4.o(.bss.pxEnd)
    pxOverflowDelayedTaskList                0x200000b4   Data           4  tasks.o(.bss.pxOverflowDelayedTaskList)
    [Anonymous Symbol]                       0x200000b4   Section        0  tasks.o(.bss.pxOverflowDelayedTaskList)
    pxReadyTasksLists                        0x200000b8   Data         100  tasks.o(.bss.pxReadyTasksLists)
    [Anonymous Symbol]                       0x200000b8   Section        0  tasks.o(.bss.pxReadyTasksLists)
    ucHeap                                   0x2000011c   Data        5120  heap_4.o(.bss.ucHeap)
    [Anonymous Symbol]                       0x2000011c   Section        0  heap_4.o(.bss.ucHeap)
    uxCurrentNumberOfTasks                   0x20001520   Data           4  tasks.o(.bss.uxCurrentNumberOfTasks)
    [Anonymous Symbol]                       0x20001520   Section        0  tasks.o(.bss.uxCurrentNumberOfTasks)
    uxDeletedTasksWaitingCleanUp             0x20001524   Data           4  tasks.o(.bss.uxDeletedTasksWaitingCleanUp)
    [Anonymous Symbol]                       0x20001524   Section        0  tasks.o(.bss.uxDeletedTasksWaitingCleanUp)
    uxSchedulerSuspended                     0x20001528   Data           4  tasks.o(.bss.uxSchedulerSuspended)
    [Anonymous Symbol]                       0x20001528   Section        0  tasks.o(.bss.uxSchedulerSuspended)
    uxTaskNumber                             0x2000152c   Data           4  tasks.o(.bss.uxTaskNumber)
    [Anonymous Symbol]                       0x2000152c   Section        0  tasks.o(.bss.uxTaskNumber)
    uxTopReadyPriority                       0x20001530   Data           4  tasks.o(.bss.uxTopReadyPriority)
    [Anonymous Symbol]                       0x20001530   Section        0  tasks.o(.bss.uxTopReadyPriority)
    xDelayedTaskList1                        0x20001534   Data          20  tasks.o(.bss.xDelayedTaskList1)
    [Anonymous Symbol]                       0x20001534   Section        0  tasks.o(.bss.xDelayedTaskList1)
    xDelayedTaskList2                        0x20001548   Data          20  tasks.o(.bss.xDelayedTaskList2)
    [Anonymous Symbol]                       0x20001548   Section        0  tasks.o(.bss.xDelayedTaskList2)
    xFreeBytesRemaining                      0x2000155c   Data           4  heap_4.o(.bss.xFreeBytesRemaining)
    [Anonymous Symbol]                       0x2000155c   Section        0  heap_4.o(.bss.xFreeBytesRemaining)
    xIdleTaskHandle                          0x20001560   Data           4  tasks.o(.bss.xIdleTaskHandle)
    [Anonymous Symbol]                       0x20001560   Section        0  tasks.o(.bss.xIdleTaskHandle)
    xMinimumEverFreeBytesRemaining           0x20001564   Data           4  heap_4.o(.bss.xMinimumEverFreeBytesRemaining)
    [Anonymous Symbol]                       0x20001564   Section        0  heap_4.o(.bss.xMinimumEverFreeBytesRemaining)
    xNextTaskUnblockTime                     0x20001568   Data           4  tasks.o(.bss.xNextTaskUnblockTime)
    [Anonymous Symbol]                       0x20001568   Section        0  tasks.o(.bss.xNextTaskUnblockTime)
    xNumOfOverflows                          0x2000156c   Data           4  tasks.o(.bss.xNumOfOverflows)
    [Anonymous Symbol]                       0x2000156c   Section        0  tasks.o(.bss.xNumOfOverflows)
    xNumberOfSuccessfulAllocations           0x20001570   Data           4  heap_4.o(.bss.xNumberOfSuccessfulAllocations)
    [Anonymous Symbol]                       0x20001570   Section        0  heap_4.o(.bss.xNumberOfSuccessfulAllocations)
    xNumberOfSuccessfulFrees                 0x20001574   Data           4  heap_4.o(.bss.xNumberOfSuccessfulFrees)
    [Anonymous Symbol]                       0x20001574   Section        0  heap_4.o(.bss.xNumberOfSuccessfulFrees)
    xPendedTicks                             0x20001578   Data           4  tasks.o(.bss.xPendedTicks)
    [Anonymous Symbol]                       0x20001578   Section        0  tasks.o(.bss.xPendedTicks)
    xPendingReadyList                        0x2000157c   Data          20  tasks.o(.bss.xPendingReadyList)
    [Anonymous Symbol]                       0x2000157c   Section        0  tasks.o(.bss.xPendingReadyList)
    xSchedulerRunning                        0x20001590   Data           4  tasks.o(.bss.xSchedulerRunning)
    [Anonymous Symbol]                       0x20001590   Section        0  tasks.o(.bss.xSchedulerRunning)
    xStart                                   0x20001594   Data           8  heap_4.o(.bss.xStart)
    [Anonymous Symbol]                       0x20001594   Section        0  heap_4.o(.bss.xStart)
    xSuspendedTaskList                       0x2000159c   Data          20  tasks.o(.bss.xSuspendedTaskList)
    [Anonymous Symbol]                       0x2000159c   Section        0  tasks.o(.bss.xSuspendedTaskList)
    xTasksWaitingTermination                 0x200015b0   Data          20  tasks.o(.bss.xTasksWaitingTermination)
    [Anonymous Symbol]                       0x200015b0   Section        0  tasks.o(.bss.xTasksWaitingTermination)
    xTickCount                               0x200015c4   Data           4  tasks.o(.bss.xTickCount)
    [Anonymous Symbol]                       0x200015c4   Section        0  tasks.o(.bss.xTickCount)
    xYieldPending                            0x200015c8   Data           4  tasks.o(.bss.xYieldPending)
    [Anonymous Symbol]                       0x200015c8   Section        0  tasks.o(.bss.xYieldPending)
    Heap_Mem                                 0x200015d0   Data         512  startup_at32f413.o(HEAP)
    HEAP                                     0x200015d0   Section      512  startup_at32f413.o(HEAP)
    Stack_Mem                                0x200017d0   Data        1024  startup_at32f413.o(STACK)
    STACK                                    0x200017d0   Section     1024  startup_at32f413.o(STACK)
    __initial_sp                             0x20001bd0   Data           0  startup_at32f413.o(STACK)

    Global Symbols

    Symbol Name                              Value     Ov Type        Size  Object(Section)

    BuildAttributes$$THM_ISAv4$E$P$D$K$B$S$7EM$VFPi3$EXTD16$VFPS$VFMA$PE$A:L22UL41UL21$X:L11$S22US41US21$IEEE1$IW$~IW$USESV6$~STKCKD$USESV7$~SHL$OTIME$ROPI$EBA8$UX$STANDARDLIB$REQ8$PRES8$EABIv2 0x00000000   Number         0  anon$$obj.o ABSOLUTE
    __ARM_exceptions_init                     - Undefined Weak Reference
    __alloca_initialize                       - Undefined Weak Reference
    __arm_preinit_                            - Undefined Weak Reference
    __cpp_initialize__aeabi_                  - Undefined Weak Reference
    __cxa_finalize                            - Undefined Weak Reference
    __rt_locale                               - Undefined Weak Reference
    __sigvec_lookup                           - Undefined Weak Reference
    _atexit_init                              - Undefined Weak Reference
    _call_atexit_fns                          - Undefined Weak Reference
    _clock_init                               - Undefined Weak Reference
    _fp_trap_init                             - Undefined Weak Reference
    _fp_trap_shutdown                         - Undefined Weak Reference
    _get_lc_collate                           - Undefined Weak Reference
    _get_lc_ctype                             - Undefined Weak Reference
    _get_lc_monetary                          - Undefined Weak Reference
    _get_lc_numeric                           - Undefined Weak Reference
    _get_lc_time                              - Undefined Weak Reference
    _getenv_init                              - Undefined Weak Reference
    _handle_redirection                       - Undefined Weak Reference
    _init_alloc                               - Undefined Weak Reference
    _init_user_alloc                          - Undefined Weak Reference
    _initio                                   - Undefined Weak Reference
    _rand_init                                - Undefined Weak Reference
    _signal_finish                            - Undefined Weak Reference
    _signal_init                              - Undefined Weak Reference
    _terminate_alloc                          - Undefined Weak Reference
    _terminate_user_alloc                     - Undefined Weak Reference
    _terminateio                              - Undefined Weak Reference
    __Vectors_Size                           0x00000170   Number         0  startup_at32f413.o ABSOLUTE
    __Vectors                                0x08000000   Data           4  startup_at32f413.o(RESET)
    __Vectors_End                            0x08000170   Data           0  startup_at32f413.o(RESET)
    __main                                   0x08000171   Thumb Code     8  __main.o(!!!main)
    __scatterload                            0x08000179   Thumb Code     0  __scatter.o(!!!scatter)
    __scatterload_rt2                        0x08000179   Thumb Code    44  __scatter.o(!!!scatter)
    __scatterload_rt2_thumb_only             0x08000179   Thumb Code     0  __scatter.o(!!!scatter)
    __scatterload_null                       0x08000187   Thumb Code     0  __scatter.o(!!!scatter)
    __scatterload_copy                       0x080001ad   Thumb Code    26  __scatter_copy.o(!!handler_copy)
    __scatterload_zeroinit                   0x080001c9   Thumb Code    28  __scatter_zi.o(!!handler_zi)
    __rt_lib_init                            0x080001e5   Thumb Code     0  libinit.o(.ARM.Collect$$libinit$$00000000)
    __rt_lib_init_fp_1                       0x080001e7   Thumb Code     0  libinit2.o(.ARM.Collect$$libinit$$00000001)
    __rt_lib_init_alloca_1                   0x080001eb   Thumb Code     0  libinit2.o(.ARM.Collect$$libinit$$0000002E)
    __rt_lib_init_argv_1                     0x080001eb   Thumb Code     0  libinit2.o(.ARM.Collect$$libinit$$0000002C)
    __rt_lib_init_atexit_1                   0x080001eb   Thumb Code     0  libinit2.o(.ARM.Collect$$libinit$$0000001B)
    __rt_lib_init_clock_1                    0x080001eb   Thumb Code     0  libinit2.o(.ARM.Collect$$libinit$$00000021)
    __rt_lib_init_cpp_1                      0x080001eb   Thumb Code     0  libinit2.o(.ARM.Collect$$libinit$$00000032)
    __rt_lib_init_exceptions_1               0x080001eb   Thumb Code     0  libinit2.o(.ARM.Collect$$libinit$$00000030)
    __rt_lib_init_fp_trap_1                  0x080001eb   Thumb Code     0  libinit2.o(.ARM.Collect$$libinit$$0000001F)
    __rt_lib_init_getenv_1                   0x080001eb   Thumb Code     0  libinit2.o(.ARM.Collect$$libinit$$00000023)
    __rt_lib_init_heap_1                     0x080001eb   Thumb Code     0  libinit2.o(.ARM.Collect$$libinit$$0000000A)
    __rt_lib_init_lc_collate_1               0x080001eb   Thumb Code     0  libinit2.o(.ARM.Collect$$libinit$$00000011)
    __rt_lib_init_lc_ctype_1                 0x080001eb   Thumb Code     0  libinit2.o(.ARM.Collect$$libinit$$00000013)
    __rt_lib_init_lc_monetary_1              0x080001eb   Thumb Code     0  libinit2.o(.ARM.Collect$$libinit$$00000015)
    __rt_lib_init_lc_numeric_1               0x080001eb   Thumb Code     0  libinit2.o(.ARM.Collect$$libinit$$00000017)
    __rt_lib_init_lc_time_1                  0x080001eb   Thumb Code     0  libinit2.o(.ARM.Collect$$libinit$$00000019)
    __rt_lib_init_preinit_1                  0x080001eb   Thumb Code     0  libinit2.o(.ARM.Collect$$libinit$$00000004)
    __rt_lib_init_rand_1                     0x080001eb   Thumb Code     0  libinit2.o(.ARM.Collect$$libinit$$0000000E)
    __rt_lib_init_return                     0x080001eb   Thumb Code     0  libinit2.o(.ARM.Collect$$libinit$$00000033)
    __rt_lib_init_signal_1                   0x080001eb   Thumb Code     0  libinit2.o(.ARM.Collect$$libinit$$0000001D)
    __rt_lib_init_stdio_1                    0x080001eb   Thumb Code     0  libinit2.o(.ARM.Collect$$libinit$$00000025)
    __rt_lib_init_user_alloc_1               0x080001eb   Thumb Code     0  libinit2.o(.ARM.Collect$$libinit$$0000000C)
    __rt_lib_shutdown                        0x080001ed   Thumb Code     0  libshutdown.o(.ARM.Collect$$libshutdown$$00000000)
    __rt_lib_shutdown_cpp_1                  0x080001ef   Thumb Code     0  libshutdown2.o(.ARM.Collect$$libshutdown$$00000002)
    __rt_lib_shutdown_fp_trap_1              0x080001ef   Thumb Code     0  libshutdown2.o(.ARM.Collect$$libshutdown$$00000007)
    __rt_lib_shutdown_heap_1                 0x080001ef   Thumb Code     0  libshutdown2.o(.ARM.Collect$$libshutdown$$0000000F)
    __rt_lib_shutdown_return                 0x080001ef   Thumb Code     0  libshutdown2.o(.ARM.Collect$$libshutdown$$00000010)
    __rt_lib_shutdown_signal_1               0x080001ef   Thumb Code     0  libshutdown2.o(.ARM.Collect$$libshutdown$$0000000A)
    __rt_lib_shutdown_stdio_1                0x080001ef   Thumb Code     0  libshutdown2.o(.ARM.Collect$$libshutdown$$00000004)
    __rt_lib_shutdown_user_alloc_1           0x080001ef   Thumb Code     0  libshutdown2.o(.ARM.Collect$$libshutdown$$0000000C)
    __rt_entry                               0x080001f1   Thumb Code     0  __rtentry.o(.ARM.Collect$$rtentry$$00000000)
    __rt_entry_presh_1                       0x080001f1   Thumb Code     0  __rtentry2.o(.ARM.Collect$$rtentry$$00000002)
    __rt_entry_sh                            0x080001f1   Thumb Code     0  __rtentry4.o(.ARM.Collect$$rtentry$$00000004)
    __rt_entry_li                            0x080001f7   Thumb Code     0  __rtentry2.o(.ARM.Collect$$rtentry$$0000000A)
    __rt_entry_postsh_1                      0x080001f7   Thumb Code     0  __rtentry2.o(.ARM.Collect$$rtentry$$00000009)
    __rt_entry_main                          0x080001fb   Thumb Code     0  __rtentry2.o(.ARM.Collect$$rtentry$$0000000D)
    __rt_entry_postli_1                      0x080001fb   Thumb Code     0  __rtentry2.o(.ARM.Collect$$rtentry$$0000000C)
    __rt_exit                                0x08000203   Thumb Code     0  rtexit.o(.ARM.Collect$$rtexit$$00000000)
    __rt_exit_ls                             0x08000205   Thumb Code     0  rtexit2.o(.ARM.Collect$$rtexit$$00000003)
    __rt_exit_prels_1                        0x08000205   Thumb Code     0  rtexit2.o(.ARM.Collect$$rtexit$$00000002)
    __rt_exit_exit                           0x08000209   Thumb Code     0  rtexit2.o(.ARM.Collect$$rtexit$$00000004)
    Reset_Handler                            0x08000211   Thumb Code     8  startup_at32f413.o(.text)
    ACC_IRQHandler                           0x0800022b   Thumb Code     0  startup_at32f413.o(.text)
    ADC1_2_IRQHandler                        0x0800022b   Thumb Code     0  startup_at32f413.o(.text)
    CAN1_RX1_IRQHandler                      0x0800022b   Thumb Code     0  startup_at32f413.o(.text)
    CAN1_SE_IRQHandler                       0x0800022b   Thumb Code     0  startup_at32f413.o(.text)
    CAN2_RX0_IRQHandler                      0x0800022b   Thumb Code     0  startup_at32f413.o(.text)
    CAN2_RX1_IRQHandler                      0x0800022b   Thumb Code     0  startup_at32f413.o(.text)
    CAN2_SE_IRQHandler                       0x0800022b   Thumb Code     0  startup_at32f413.o(.text)
    CAN2_TX_IRQHandler                       0x0800022b   Thumb Code     0  startup_at32f413.o(.text)
    CRM_IRQHandler                           0x0800022b   Thumb Code     0  startup_at32f413.o(.text)
    DMA1_Channel1_IRQHandler                 0x0800022b   Thumb Code     0  startup_at32f413.o(.text)
    DMA1_Channel2_IRQHandler                 0x0800022b   Thumb Code     0  startup_at32f413.o(.text)
    DMA1_Channel3_IRQHandler                 0x0800022b   Thumb Code     0  startup_at32f413.o(.text)
    DMA1_Channel4_IRQHandler                 0x0800022b   Thumb Code     0  startup_at32f413.o(.text)
    DMA1_Channel5_IRQHandler                 0x0800022b   Thumb Code     0  startup_at32f413.o(.text)
    DMA1_Channel6_IRQHandler                 0x0800022b   Thumb Code     0  startup_at32f413.o(.text)
    DMA1_Channel7_IRQHandler                 0x0800022b   Thumb Code     0  startup_at32f413.o(.text)
    DMA2_Channel1_IRQHandler                 0x0800022b   Thumb Code     0  startup_at32f413.o(.text)
    DMA2_Channel2_IRQHandler                 0x0800022b   Thumb Code     0  startup_at32f413.o(.text)
    DMA2_Channel3_IRQHandler                 0x0800022b   Thumb Code     0  startup_at32f413.o(.text)
    DMA2_Channel4_5_IRQHandler               0x0800022b   Thumb Code     0  startup_at32f413.o(.text)
    DMA2_Channel6_7_IRQHandler               0x0800022b   Thumb Code     0  startup_at32f413.o(.text)
    EXINT0_IRQHandler                        0x0800022b   Thumb Code     0  startup_at32f413.o(.text)
    EXINT15_10_IRQHandler                    0x0800022b   Thumb Code     0  startup_at32f413.o(.text)
    EXINT1_IRQHandler                        0x0800022b   Thumb Code     0  startup_at32f413.o(.text)
    EXINT2_IRQHandler                        0x0800022b   Thumb Code     0  startup_at32f413.o(.text)
    EXINT3_IRQHandler                        0x0800022b   Thumb Code     0  startup_at32f413.o(.text)
    EXINT4_IRQHandler                        0x0800022b   Thumb Code     0  startup_at32f413.o(.text)
    EXINT9_5_IRQHandler                      0x0800022b   Thumb Code     0  startup_at32f413.o(.text)
    FLASH_IRQHandler                         0x0800022b   Thumb Code     0  startup_at32f413.o(.text)
    I2C1_ERR_IRQHandler                      0x0800022b   Thumb Code     0  startup_at32f413.o(.text)
    I2C1_EVT_IRQHandler                      0x0800022b   Thumb Code     0  startup_at32f413.o(.text)
    I2C2_ERR_IRQHandler                      0x0800022b   Thumb Code     0  startup_at32f413.o(.text)
    I2C2_EVT_IRQHandler                      0x0800022b   Thumb Code     0  startup_at32f413.o(.text)
    PVM_IRQHandler                           0x0800022b   Thumb Code     0  startup_at32f413.o(.text)
    RTCAlarm_IRQHandler                      0x0800022b   Thumb Code     0  startup_at32f413.o(.text)
    RTC_IRQHandler                           0x0800022b   Thumb Code     0  startup_at32f413.o(.text)
    SDIO1_IRQHandler                         0x0800022b   Thumb Code     0  startup_at32f413.o(.text)
    SPI1_IRQHandler                          0x0800022b   Thumb Code     0  startup_at32f413.o(.text)
    SPI2_IRQHandler                          0x0800022b   Thumb Code     0  startup_at32f413.o(.text)
    TAMPER_IRQHandler                        0x0800022b   Thumb Code     0  startup_at32f413.o(.text)
    TMR1_BRK_TMR9_IRQHandler                 0x0800022b   Thumb Code     0  startup_at32f413.o(.text)
    TMR1_CH_IRQHandler                       0x0800022b   Thumb Code     0  startup_at32f413.o(.text)
    TMR1_OVF_TMR10_IRQHandler                0x0800022b   Thumb Code     0  startup_at32f413.o(.text)
    TMR1_TRG_HALL_TMR11_IRQHandler           0x0800022b   Thumb Code     0  startup_at32f413.o(.text)
    TMR2_GLOBAL_IRQHandler                   0x0800022b   Thumb Code     0  startup_at32f413.o(.text)
    TMR3_GLOBAL_IRQHandler                   0x0800022b   Thumb Code     0  startup_at32f413.o(.text)
    TMR4_GLOBAL_IRQHandler                   0x0800022b   Thumb Code     0  startup_at32f413.o(.text)
    TMR5_GLOBAL_IRQHandler                   0x0800022b   Thumb Code     0  startup_at32f413.o(.text)
    TMR8_BRK_IRQHandler                      0x0800022b   Thumb Code     0  startup_at32f413.o(.text)
    TMR8_CH_IRQHandler                       0x0800022b   Thumb Code     0  startup_at32f413.o(.text)
    TMR8_OVF_IRQHandler                      0x0800022b   Thumb Code     0  startup_at32f413.o(.text)
    TMR8_TRG_HALL_IRQHandler                 0x0800022b   Thumb Code     0  startup_at32f413.o(.text)
    UART4_IRQHandler                         0x0800022b   Thumb Code     0  startup_at32f413.o(.text)
    UART5_IRQHandler                         0x0800022b   Thumb Code     0  startup_at32f413.o(.text)
    USART1_IRQHandler                        0x0800022b   Thumb Code     0  startup_at32f413.o(.text)
    USART2_IRQHandler                        0x0800022b   Thumb Code     0  startup_at32f413.o(.text)
    USART3_IRQHandler                        0x0800022b   Thumb Code     0  startup_at32f413.o(.text)
    USBFSWakeUp_IRQHandler                   0x0800022b   Thumb Code     0  startup_at32f413.o(.text)
    USBFS_H_CAN1_TX_IRQHandler               0x0800022b   Thumb Code     0  startup_at32f413.o(.text)
    USBFS_L_CAN1_RX0_IRQHandler              0x0800022b   Thumb Code     0  startup_at32f413.o(.text)
    USBFS_MAPH_IRQHandler                    0x0800022b   Thumb Code     0  startup_at32f413.o(.text)
    USBFS_MAPL_IRQHandler                    0x0800022b   Thumb Code     0  startup_at32f413.o(.text)
    WWDT_IRQHandler                          0x0800022b   Thumb Code     0  startup_at32f413.o(.text)
    __user_initial_stackheap                 0x0800022d   Thumb Code     0  startup_at32f413.o(.text)
    __aeabi_memclr                           0x08000251   Thumb Code     0  rt_memclr.o(.text)
    __rt_memclr                              0x08000251   Thumb Code     0  rt_memclr.o(.text)
    _memset                                  0x08000255   Thumb Code    64  rt_memclr.o(.text)
    __use_two_region_memory                  0x08000295   Thumb Code     2  heapauxi.o(.text)
    __rt_heap_escrow$2region                 0x08000297   Thumb Code     2  heapauxi.o(.text)
    __rt_heap_expand$2region                 0x08000299   Thumb Code     2  heapauxi.o(.text)
    __aeabi_memclr4                          0x0800029b   Thumb Code     0  rt_memclr_w.o(.text)
    __aeabi_memclr8                          0x0800029b   Thumb Code     0  rt_memclr_w.o(.text)
    __rt_memclr_w                            0x0800029b   Thumb Code     0  rt_memclr_w.o(.text)
    _memset_w                                0x0800029f   Thumb Code    74  rt_memclr_w.o(.text)
    __user_setup_stackheap                   0x080002e9   Thumb Code    74  sys_stackheap_outer.o(.text)
    exit                                     0x08000333   Thumb Code    18  exit.o(.text)
    __user_libspace                          0x08000345   Thumb Code     8  libspace.o(.text)
    __user_perproc_libspace                  0x08000345   Thumb Code     0  libspace.o(.text)
    __user_perthread_libspace                0x08000345   Thumb Code     0  libspace.o(.text)
    _sys_exit                                0x0800034d   Thumb Code     8  sys_exit.o(.text)
    __I$use$semihosting                      0x08000359   Thumb Code     0  use_no_semi.o(.text)
    __use_no_semihosting_swi                 0x08000359   Thumb Code     2  use_no_semi.o(.text)
    __semihosting_library_function           0x0800035b   Thumb Code     0  indicate_semi.o(.text)
    BusFault_Handler                         0x0800035d   Thumb Code     2  at32f413_int.o(.text.BusFault_Handler)
    DebugMon_Handler                         0x08000361   Thumb Code     2  at32f413_int.o(.text.DebugMon_Handler)
    HardFault_Handler                        0x08000365   Thumb Code     2  at32f413_int.o(.text.HardFault_Handler)
    MemManage_Handler                        0x08000369   Thumb Code     2  at32f413_int.o(.text.MemManage_Handler)
    NMI_Handler                              0x0800036d   Thumb Code     2  at32f413_int.o(.text.NMI_Handler)
    PendSV_Handler                           0x08000371   Thumb Code   100  port.o(.text.PendSV_Handler)
    SVC_Handler                              0x080003e1   Thumb Code    36  port.o(.text.SVC_Handler)
    SysTick_Handler                          0x08000405   Thumb Code    46  port.o(.text.SysTick_Handler)
    SystemInit                               0x08000435   Thumb Code    92  system_at32f413.o(.text.SystemInit)
    UsageFault_Handler                       0x08000491   Thumb Code     2  at32f413_int.o(.text.UsageFault_Handler)
    crm_ahb_div_set                          0x08000495   Thumb Code    26  at32f413_crm.o(.text.crm_ahb_div_set)
    crm_apb1_div_set                         0x080004b1   Thumb Code    26  at32f413_crm.o(.text.crm_apb1_div_set)
    crm_apb2_div_set                         0x080004cd   Thumb Code    26  at32f413_crm.o(.text.crm_apb2_div_set)
    crm_auto_step_mode_enable                0x080004e9   Thumb Code    24  at32f413_crm.o(.text.crm_auto_step_mode_enable)
    crm_clock_source_enable                  0x08000501   Thumb Code   122  at32f413_crm.o(.text.crm_clock_source_enable)
    crm_flag_get                             0x0800057d   Thumb Code    26  at32f413_crm.o(.text.crm_flag_get)
    crm_hext_stable_wait                     0x08000599   Thumb Code    40  at32f413_crm.o(.text.crm_hext_stable_wait)
    crm_periph_clock_enable                  0x080005c1   Thumb Code    40  at32f413_crm.o(.text.crm_periph_clock_enable)
    crm_pll_config                           0x080005e9   Thumb Code   112  at32f413_crm.o(.text.crm_pll_config)
    crm_reset                                0x08000659   Thumb Code    68  at32f413_crm.o(.text.crm_reset)
    crm_sysclk_switch                        0x0800069d   Thumb Code    18  at32f413_crm.o(.text.crm_sysclk_switch)
    crm_sysclk_switch_status_get             0x080006b1   Thumb Code    16  at32f413_crm.o(.text.crm_sysclk_switch_status_get)
    gpio_bits_write                          0x080006c1   Thumb Code    12  at32f413_gpio.o(.text.gpio_bits_write)
    gpio_default_para_init                   0x080006cd   Thumb Code    18  at32f413_gpio.o(.text.gpio_default_para_init)
    gpio_init                                0x080006e1   Thumb Code   190  at32f413_gpio.o(.text.gpio_init)
    gpio_input_data_bit_read                 0x080007a1   Thumb Code    14  at32f413_gpio.o(.text.gpio_input_data_bit_read)
    led_task                                 0x080007b1   Thumb Code    28  led.o(.text.led_task)
    main                                     0x080007cd   Thumb Code    18  main.o(.text.main)
    pvPortMalloc                             0x08000cc5   Thumb Code   232  heap_4.o(.text.pvPortMalloc)
    pxPortInitialiseStack                    0x08000dad   Thumb Code    40  port.o(.text.pxPortInitialiseStack)
    system_clock_config                      0x08000dd5   Thumb Code   104  at32f413_clock.o(.text.system_clock_config)
    system_core_clock_update                 0x08000e3d   Thumb Code   156  system_at32f413.o(.text.system_core_clock_update)
    ulTaskGenericNotifyTake                  0x08000efd   Thumb Code   128  tasks.o(.text.ulTaskGenericNotifyTake)
    uxListRemove                             0x08000f7d   Thumb Code    36  list.o(.text.uxListRemove)
    vApplicationTickHook                     0x08000fa1   Thumb Code   128  main.o(.text.vApplicationTickHook)
    vListInitialise                          0x0800102d   Thumb Code    22  list.o(.text.vListInitialise)
    vListInitialiseItem                      0x08001045   Thumb Code     6  list.o(.text.vListInitialiseItem)
    vListInsert                              0x0800104d   Thumb Code    58  list.o(.text.vListInsert)
    vPortEnterCritical                       0x0800109d   Thumb Code    32  port.o(.text.vPortEnterCritical)
    vPortExitCritical                        0x080010bd   Thumb Code    26  port.o(.text.vPortExitCritical)
    vPortFree                                0x080010d9   Thumb Code    86  heap_4.o(.text.vPortFree)
    vPortSetupTimerInterrupt                 0x08001131   Thumb Code    52  port.o(.text.vPortSetupTimerInterrupt)
    vTaskStartScheduler                      0x08001165   Thumb Code   112  tasks.o(.text.vTaskStartScheduler)
    vTaskSuspendAll                          0x080011dd   Thumb Code    16  tasks.o(.text.vTaskSuspendAll)
    vTaskSwitchContext                       0x080011ed   Thumb Code   108  tasks.o(.text.vTaskSwitchContext)
    xPortStartScheduler                      0x08001259   Thumb Code    74  port.o(.text.xPortStartScheduler)
    xTaskCreate                              0x080012a5   Thumb Code   102  tasks.o(.text.xTaskCreate)
    xTaskGenericNotify                       0x0800130d   Thumb Code   246  tasks.o(.text.xTaskGenericNotify)
    xTaskGetHandle                           0x08001405   Thumb Code   140  tasks.o(.text.xTaskGetHandle)
    xTaskIncrementTick                       0x08001491   Thumb Code   420  tasks.o(.text.xTaskIncrementTick)
    xTaskResumeAll                           0x08001635   Thumb Code   340  tasks.o(.text.xTaskResumeAll)
    xtp_create_task                          0x08001789   Thumb Code    48  xtp_create_task.o(.text.xtp_create_task)
    xtp_gpio_init                            0x080017c5   Thumb Code    88  xtp_gpio.o(.text.xtp_gpio_init)
    _fp_init                                 0x0800181d   Thumb Code    26  fpinit.o(x$fpl$fpinit)
    __fplib_config_fpu_vfp                   0x08001835   Thumb Code     0  fpinit.o(x$fpl$fpinit)
    __fplib_config_pureend_doubles           0x08001835   Thumb Code     0  fpinit.o(x$fpl$fpinit)
    uxTopUsedPriority                        0x08001838   Data           4  tasks.o(.rodata.uxTopUsedPriority)
    Region$$Table$$Base                      0x0800183c   Number         0  anon$$obj.o(Region$$Table)
    Region$$Table$$Limit                     0x0800185c   Number         0  anon$$obj.o(Region$$Table)
    io_get_level                             0x20000000   Data           4  xtp_cross_platform.o(.data.io_get_level)
    io_set_level                             0x20000004   Data           4  xtp_cross_platform.o(.data.io_set_level)
    sys_led                                  0x20000008   Data          12  led.o(.data.sys_led)
    system_core_clock                        0x20000014   Data           4  system_at32f413.o(.data.system_core_clock)
    xtp_system                               0x2000001c   Data          40  xtp_defines.o(.data.xtp_system)
    __libspace_start                         0x20000048   Data          96  libspace.o(.bss)
    __temporary_stack_top$libspace           0x200000a8   Data           0  libspace.o(.bss)
    pxCurrentTCB                             0x200000a8   Data           4  tasks.o(.bss.pxCurrentTCB)
    user_led_handle                          0x2000151c   Data           4  xtp_create_task.o(.bss.user_led_handle)



==============================================================================

Memory Map of the image

  Image Entry point : 0x08000171

  Load Region LR_IROM1 (Base: 0x08000000, Size: 0x000018a8, Max: 0x00040000, ABSOLUTE)

    Execution Region ER_IROM1 (Exec base: 0x08000000, Load base: 0x08000000, Size: 0x0000185c, Max: 0x00040000, ABSOLUTE)

    Exec Addr    Load Addr    Size         Type   Attr      Idx    E Section Name        Object

    0x08000000   0x08000000   0x00000170   Data   RO          233    RESET               startup_at32f413.o
    0x08000170   0x08000170   0x00000008   Code   RO          482  * !!!main             c_w.l(__main.o)
    0x08000178   0x08000178   0x00000034   Code   RO          647    !!!scatter          c_w.l(__scatter.o)
    0x080001ac   0x080001ac   0x0000001a   Code   RO          649    !!handler_copy      c_w.l(__scatter_copy.o)
    0x080001c6   0x080001c6   0x00000002   PAD
    0x080001c8   0x080001c8   0x0000001c   Code   RO          651    !!handler_zi        c_w.l(__scatter_zi.o)
    0x080001e4   0x080001e4   0x00000002   Code   RO          511    .ARM.Collect$$libinit$$00000000  c_w.l(libinit.o)
    0x080001e6   0x080001e6   0x00000004   Code   RO          517    .ARM.Collect$$libinit$$00000001  c_w.l(libinit2.o)
    0x080001ea   0x080001ea   0x00000000   Code   RO          520    .ARM.Collect$$libinit$$00000004  c_w.l(libinit2.o)
    0x080001ea   0x080001ea   0x00000000   Code   RO          523    .ARM.Collect$$libinit$$0000000A  c_w.l(libinit2.o)
    0x080001ea   0x080001ea   0x00000000   Code   RO          525    .ARM.Collect$$libinit$$0000000C  c_w.l(libinit2.o)
    0x080001ea   0x080001ea   0x00000000   Code   RO          527    .ARM.Collect$$libinit$$0000000E  c_w.l(libinit2.o)
    0x080001ea   0x080001ea   0x00000000   Code   RO          530    .ARM.Collect$$libinit$$00000011  c_w.l(libinit2.o)
    0x080001ea   0x080001ea   0x00000000   Code   RO          532    .ARM.Collect$$libinit$$00000013  c_w.l(libinit2.o)
    0x080001ea   0x080001ea   0x00000000   Code   RO          534    .ARM.Collect$$libinit$$00000015  c_w.l(libinit2.o)
    0x080001ea   0x080001ea   0x00000000   Code   RO          536    .ARM.Collect$$libinit$$00000017  c_w.l(libinit2.o)
    0x080001ea   0x080001ea   0x00000000   Code   RO          538    .ARM.Collect$$libinit$$00000019  c_w.l(libinit2.o)
    0x080001ea   0x080001ea   0x00000000   Code   RO          540    .ARM.Collect$$libinit$$0000001B  c_w.l(libinit2.o)
    0x080001ea   0x080001ea   0x00000000   Code   RO          542    .ARM.Collect$$libinit$$0000001D  c_w.l(libinit2.o)
    0x080001ea   0x080001ea   0x00000000   Code   RO          544    .ARM.Collect$$libinit$$0000001F  c_w.l(libinit2.o)
    0x080001ea   0x080001ea   0x00000000   Code   RO          546    .ARM.Collect$$libinit$$00000021  c_w.l(libinit2.o)
    0x080001ea   0x080001ea   0x00000000   Code   RO          548    .ARM.Collect$$libinit$$00000023  c_w.l(libinit2.o)
    0x080001ea   0x080001ea   0x00000000   Code   RO          550    .ARM.Collect$$libinit$$00000025  c_w.l(libinit2.o)
    0x080001ea   0x080001ea   0x00000000   Code   RO          554    .ARM.Collect$$libinit$$0000002C  c_w.l(libinit2.o)
    0x080001ea   0x080001ea   0x00000000   Code   RO          556    .ARM.Collect$$libinit$$0000002E  c_w.l(libinit2.o)
    0x080001ea   0x080001ea   0x00000000   Code   RO          558    .ARM.Collect$$libinit$$00000030  c_w.l(libinit2.o)
    0x080001ea   0x080001ea   0x00000000   Code   RO          560    .ARM.Collect$$libinit$$00000032  c_w.l(libinit2.o)
    0x080001ea   0x080001ea   0x00000002   Code   RO          561    .ARM.Collect$$libinit$$00000033  c_w.l(libinit2.o)
    0x080001ec   0x080001ec   0x00000002   Code   RO          583    .ARM.Collect$$libshutdown$$00000000  c_w.l(libshutdown.o)
    0x080001ee   0x080001ee   0x00000000   Code   RO          598    .ARM.Collect$$libshutdown$$00000002  c_w.l(libshutdown2.o)
    0x080001ee   0x080001ee   0x00000000   Code   RO          600    .ARM.Collect$$libshutdown$$00000004  c_w.l(libshutdown2.o)
    0x080001ee   0x080001ee   0x00000000   Code   RO          603    .ARM.Collect$$libshutdown$$00000007  c_w.l(libshutdown2.o)
    0x080001ee   0x080001ee   0x00000000   Code   RO          606    .ARM.Collect$$libshutdown$$0000000A  c_w.l(libshutdown2.o)
    0x080001ee   0x080001ee   0x00000000   Code   RO          608    .ARM.Collect$$libshutdown$$0000000C  c_w.l(libshutdown2.o)
    0x080001ee   0x080001ee   0x00000000   Code   RO          611    .ARM.Collect$$libshutdown$$0000000F  c_w.l(libshutdown2.o)
    0x080001ee   0x080001ee   0x00000002   Code   RO          612    .ARM.Collect$$libshutdown$$00000010  c_w.l(libshutdown2.o)
    0x080001f0   0x080001f0   0x00000000   Code   RO          484    .ARM.Collect$$rtentry$$00000000  c_w.l(__rtentry.o)
    0x080001f0   0x080001f0   0x00000000   Code   RO          488    .ARM.Collect$$rtentry$$00000002  c_w.l(__rtentry2.o)
    0x080001f0   0x080001f0   0x00000006   Code   RO          500    .ARM.Collect$$rtentry$$00000004  c_w.l(__rtentry4.o)
    0x080001f6   0x080001f6   0x00000000   Code   RO          490    .ARM.Collect$$rtentry$$00000009  c_w.l(__rtentry2.o)
    0x080001f6   0x080001f6   0x00000004   Code   RO          491    .ARM.Collect$$rtentry$$0000000A  c_w.l(__rtentry2.o)
    0x080001fa   0x080001fa   0x00000000   Code   RO          493    .ARM.Collect$$rtentry$$0000000C  c_w.l(__rtentry2.o)
    0x080001fa   0x080001fa   0x00000008   Code   RO          494    .ARM.Collect$$rtentry$$0000000D  c_w.l(__rtentry2.o)
    0x08000202   0x08000202   0x00000002   Code   RO          515    .ARM.Collect$$rtexit$$00000000  c_w.l(rtexit.o)
    0x08000204   0x08000204   0x00000000   Code   RO          563    .ARM.Collect$$rtexit$$00000002  c_w.l(rtexit2.o)
    0x08000204   0x08000204   0x00000004   Code   RO          564    .ARM.Collect$$rtexit$$00000003  c_w.l(rtexit2.o)
    0x08000208   0x08000208   0x00000006   Code   RO          565    .ARM.Collect$$rtexit$$00000004  c_w.l(rtexit2.o)
    0x0800020e   0x0800020e   0x00000002   PAD
    0x08000210   0x08000210   0x00000040   Code   RO          234    .text               startup_at32f413.o
    0x08000250   0x08000250   0x00000044   Code   RO          478    .text               c_w.l(rt_memclr.o)
    0x08000294   0x08000294   0x00000006   Code   RO          480    .text               c_w.l(heapauxi.o)
    0x0800029a   0x0800029a   0x0000004e   Code   RO          485    .text               c_w.l(rt_memclr_w.o)
    0x080002e8   0x080002e8   0x0000004a   Code   RO          502    .text               c_w.l(sys_stackheap_outer.o)
    0x08000332   0x08000332   0x00000012   Code   RO          504    .text               c_w.l(exit.o)
    0x08000344   0x08000344   0x00000008   Code   RO          512    .text               c_w.l(libspace.o)
    0x0800034c   0x0800034c   0x0000000c   Code   RO          573    .text               c_w.l(sys_exit.o)
    0x08000358   0x08000358   0x00000002   Code   RO          588    .text               c_w.l(use_no_semi.o)
    0x0800035a   0x0800035a   0x00000000   Code   RO          590    .text               c_w.l(indicate_semi.o)
    0x0800035a   0x0800035a   0x00000002   PAD
    0x0800035c   0x0800035c   0x00000002   Code   RO           16    .text.BusFault_Handler  at32f413_int.o
    0x0800035e   0x0800035e   0x00000002   PAD
    0x08000360   0x08000360   0x00000002   Code   RO           20    .text.DebugMon_Handler  at32f413_int.o
    0x08000362   0x08000362   0x00000002   PAD
    0x08000364   0x08000364   0x00000002   Code   RO           12    .text.HardFault_Handler  at32f413_int.o
    0x08000366   0x08000366   0x00000002   PAD
    0x08000368   0x08000368   0x00000002   Code   RO           14    .text.MemManage_Handler  at32f413_int.o
    0x0800036a   0x0800036a   0x00000002   PAD
    0x0800036c   0x0800036c   0x00000002   Code   RO           10    .text.NMI_Handler   at32f413_int.o
    0x0800036e   0x0800036e   0x00000002   PAD
    0x08000370   0x08000370   0x00000064   Code   RO          440    .text.PendSV_Handler  port.o
    0x080003d4   0x080003d4   0x0000000c   PAD
    0x080003e0   0x080003e0   0x00000024   Code   RO          424    .text.SVC_Handler   port.o
    0x08000404   0x08000404   0x0000002e   Code   RO          442    .text.SysTick_Handler  port.o
    0x08000432   0x08000432   0x00000002   PAD
    0x08000434   0x08000434   0x0000005c   Code   RO           65    .text.SystemInit    system_at32f413.o
    0x08000490   0x08000490   0x00000002   Code   RO           18    .text.UsageFault_Handler  at32f413_int.o
    0x08000492   0x08000492   0x00000002   PAD
    0x08000494   0x08000494   0x0000001a   Code   RO          184    .text.crm_ahb_div_set  at32f413_crm.o
    0x080004ae   0x080004ae   0x00000002   PAD
    0x080004b0   0x080004b0   0x0000001a   Code   RO          186    .text.crm_apb1_div_set  at32f413_crm.o
    0x080004ca   0x080004ca   0x00000002   PAD
    0x080004cc   0x080004cc   0x0000001a   Code   RO          188    .text.crm_apb2_div_set  at32f413_crm.o
    0x080004e6   0x080004e6   0x00000002   PAD
    0x080004e8   0x080004e8   0x00000018   Code   RO          210    .text.crm_auto_step_mode_enable  at32f413_crm.o
    0x08000500   0x08000500   0x0000007a   Code   RO          176    .text.crm_clock_source_enable  at32f413_crm.o
    0x0800057a   0x0800057a   0x00000002   PAD
    0x0800057c   0x0800057c   0x0000001a   Code   RO          162    .text.crm_flag_get  at32f413_crm.o
    0x08000596   0x08000596   0x00000002   PAD
    0x08000598   0x08000598   0x00000028   Code   RO          164    .text.crm_hext_stable_wait  at32f413_crm.o
    0x080005c0   0x080005c0   0x00000028   Code   RO          170    .text.crm_periph_clock_enable  at32f413_crm.o
    0x080005e8   0x080005e8   0x00000070   Code   RO          198    .text.crm_pll_config  at32f413_crm.o
    0x08000658   0x08000658   0x00000044   Code   RO          156    .text.crm_reset     at32f413_crm.o
    0x0800069c   0x0800069c   0x00000012   Code   RO          200    .text.crm_sysclk_switch  at32f413_crm.o
    0x080006ae   0x080006ae   0x00000002   PAD
    0x080006b0   0x080006b0   0x00000010   Code   RO          202    .text.crm_sysclk_switch_status_get  at32f413_crm.o
    0x080006c0   0x080006c0   0x0000000c   Code   RO          134    .text.gpio_bits_write  at32f413_gpio.o
    0x080006cc   0x080006cc   0x00000012   Code   RO          120    .text.gpio_default_para_init  at32f413_gpio.o
    0x080006de   0x080006de   0x00000002   PAD
    0x080006e0   0x080006e0   0x000000be   Code   RO          118    .text.gpio_init     at32f413_gpio.o
    0x0800079e   0x0800079e   0x00000002   PAD
    0x080007a0   0x080007a0   0x0000000e   Code   RO          122    .text.gpio_input_data_bit_read  at32f413_gpio.o
    0x080007ae   0x080007ae   0x00000002   PAD
    0x080007b0   0x080007b0   0x0000001c   Code   RO          459    .text.led_task      led.o
    0x080007cc   0x080007cc   0x00000012   Code   RO           29    .text.main          main.o
    0x080007de   0x080007de   0x00000002   PAD
    0x080007e0   0x080007e0   0x0000001c   Code   RO          457    .text.off_sys       led.o
    0x080007fc   0x080007fc   0x0000001c   Code   RO          455    .text.on_sys        led.o
    0x08000818   0x08000818   0x000000be   Code   RO          257    .text.prvAddCurrentTaskToDelayedList  tasks.o
    0x080008d6   0x080008d6   0x00000002   PAD
    0x080008d8   0x080008d8   0x000000cc   Code   RO          245    .text.prvAddNewTaskToReadyList  tasks.o
    0x080009a4   0x080009a4   0x0000004e   Code   RO          337    .text.prvCheckTasksWaitingTermination  tasks.o
    0x080009f2   0x080009f2   0x00000002   PAD
    0x080009f4   0x080009f4   0x00000012   Code   RO          251    .text.prvDeleteTCB  tasks.o
    0x08000a06   0x08000a06   0x00000002   PAD
    0x08000a08   0x08000a08   0x0000006a   Code   RO          371    .text.prvHeapInit   heap_4.o
    0x08000a72   0x08000a72   0x00000002   PAD
    0x08000a74   0x08000a74   0x0000002a   Code   RO          281    .text.prvIdleTask   tasks.o
    0x08000a9e   0x08000a9e   0x00000002   PAD
    0x08000aa0   0x08000aa0   0x00000076   Code   RO          243    .text.prvInitialiseNewTask  tasks.o
    0x08000b16   0x08000b16   0x00000002   PAD
    0x08000b18   0x08000b18   0x0000006e   Code   RO          335    .text.prvInitialiseTaskLists  tasks.o
    0x08000b86   0x08000b86   0x00000002   PAD
    0x08000b88   0x08000b88   0x0000005a   Code   RO          373    .text.prvInsertBlockIntoFreeList  heap_4.o
    0x08000be2   0x08000be2   0x00000002   PAD
    0x08000be4   0x08000be4   0x00000028   Code   RO          432    .text.prvPortStartFirstTask  port.o
    0x08000c0c   0x08000c0c   0x00000026   Code   RO          249    .text.prvResetNextTaskUnblockTime  tasks.o
    0x08000c32   0x08000c32   0x00000002   PAD
    0x08000c34   0x08000c34   0x0000006a   Code   RO          297    .text.prvSearchForNameWithinSingleList  tasks.o
    0x08000c9e   0x08000c9e   0x00000002   PAD
    0x08000ca0   0x08000ca0   0x00000022   Code   RO          422    .text.prvTaskExitError  port.o
    0x08000cc2   0x08000cc2   0x00000002   PAD
    0x08000cc4   0x08000cc4   0x000000e8   Code   RO          369    .text.pvPortMalloc  heap_4.o
    0x08000dac   0x08000dac   0x00000028   Code   RO          420    .text.pxPortInitialiseStack  port.o
    0x08000dd4   0x08000dd4   0x00000068   Code   RO            2    .text.system_clock_config  at32f413_clock.o
    0x08000e3c   0x08000e3c   0x000000ac   Code   RO           67    .text.system_core_clock_update  system_at32f413.o
    0x08000ee8   0x08000ee8   0x00000012   Code   RO          453    .text.toggle_sys    led.o
    0x08000efa   0x08000efa   0x00000002   PAD
    0x08000efc   0x08000efc   0x00000080   Code   RO          321    .text.ulTaskGenericNotifyTake  tasks.o
    0x08000f7c   0x08000f7c   0x00000024   Code   RO          410    .text.uxListRemove  list.o
    0x08000fa0   0x08000fa0   0x0000008c   Code   RO           31    .text.vApplicationTickHook  main.o
    0x0800102c   0x0800102c   0x00000016   Code   RO          402    .text.vListInitialise  list.o
    0x08001042   0x08001042   0x00000002   PAD
    0x08001044   0x08001044   0x00000006   Code   RO          404    .text.vListInitialiseItem  list.o
    0x0800104a   0x0800104a   0x00000002   PAD
    0x0800104c   0x0800104c   0x0000003a   Code   RO          408    .text.vListInsert   list.o
    0x08001086   0x08001086   0x00000002   PAD
    0x08001088   0x08001088   0x00000014   Code   RO          430    .text.vPortEnableVFP  port.o
    0x0800109c   0x0800109c   0x00000020   Code   RO          436    .text.vPortEnterCritical  port.o
    0x080010bc   0x080010bc   0x0000001a   Code   RO          438    .text.vPortExitCritical  port.o
    0x080010d6   0x080010d6   0x00000002   PAD
    0x080010d8   0x080010d8   0x00000056   Code   RO          375    .text.vPortFree     heap_4.o
    0x0800112e   0x0800112e   0x00000002   PAD
    0x08001130   0x08001130   0x00000034   Code   RO          428    .text.vPortSetupTimerInterrupt  port.o
    0x08001164   0x08001164   0x00000078   Code   RO          279    .text.vTaskStartScheduler  tasks.o
    0x080011dc   0x080011dc   0x00000010   Code   RO          255    .text.vTaskSuspendAll  tasks.o
    0x080011ec   0x080011ec   0x0000006c   Code   RO          271    .text.vTaskSwitchContext  tasks.o
    0x08001258   0x08001258   0x0000004a   Code   RO          426    .text.xPortStartScheduler  port.o
    0x080012a2   0x080012a2   0x00000002   PAD
    0x080012a4   0x080012a4   0x00000066   Code   RO          241    .text.xTaskCreate   tasks.o
    0x0800130a   0x0800130a   0x00000002   PAD
    0x0800130c   0x0800130c   0x000000f6   Code   RO          325    .text.xTaskGenericNotify  tasks.o
    0x08001402   0x08001402   0x00000002   PAD
    0x08001404   0x08001404   0x0000008c   Code   RO          295    .text.xTaskGetHandle  tasks.o
    0x08001490   0x08001490   0x000001a4   Code   RO          285    .text.xTaskIncrementTick  tasks.o
    0x08001634   0x08001634   0x00000154   Code   RO          259    .text.xTaskResumeAll  tasks.o
    0x08001788   0x08001788   0x0000003c   Code   RO           56    .text.xtp_create_task  xtp_create_task.o
    0x080017c4   0x080017c4   0x00000058   Code   RO           48    .text.xtp_gpio_init  xtp_gpio.o
    0x0800181c   0x0800181c   0x0000001a   Code   RO          571    x$fpl$fpinit        fz_wm.l(fpinit.o)
    0x08001836   0x08001836   0x00000002   PAD
    0x08001838   0x08001838   0x00000004   Data   RO          340    .rodata.uxTopUsedPriority  tasks.o
    0x0800183c   0x0800183c   0x00000020   Data   RO          646    Region$$Table       anon$$obj.o


    Execution Region RW_IRAM1 (Exec base: 0x20000000, Load base: 0x08001860, Size: 0x00001bd0, Max: 0x00008000, ABSOLUTE)

    Exec Addr    Load Addr    Size         Type   Attr      Idx    E Section Name        Object

    0x20000000   0x08001860   0x00000004   Data   RW          471    .data.io_get_level  xtp_cross_platform.o
    0x20000004   0x08001864   0x00000004   Data   RW          470    .data.io_set_level  xtp_cross_platform.o
    0x20000008   0x08001868   0x0000000c   Data   RW          461    .data.sys_led       led.o
    0x20000014   0x08001874   0x00000004   Data   RW           69    .data.system_core_clock  system_at32f413.o
    0x20000018   0x08001878   0x00000004   Data   RW          444    .data.uxCriticalNesting  port.o
    0x2000001c   0x0800187c   0x00000028   Data   RW           42    .data.xtp_system    xtp_defines.o
    0x20000044   0x080018a4   0x00000004   PAD
    0x20000048        -       0x00000060   Zero   RW          513    .bss                c_w.l(libspace.o)
    0x200000a8        -       0x00000004   Zero   RW          339    .bss.pxCurrentTCB   tasks.o
    0x200000ac        -       0x00000004   Zero   RW          356    .bss.pxDelayedTaskList  tasks.o
    0x200000b0        -       0x00000004   Zero   RW          387    .bss.pxEnd          heap_4.o
    0x200000b4        -       0x00000004   Zero   RW          357    .bss.pxOverflowDelayedTaskList  tasks.o
    0x200000b8        -       0x00000064   Zero   RW          341    .bss.pxReadyTasksLists  tasks.o
    0x2000011c        -       0x00001400   Zero   RW          393    .bss.ucHeap         heap_4.o
    0x2000151c        -       0x00000004   Zero   RW           58    .bss.user_led_handle  xtp_create_task.o
    0x20001520        -       0x00000004   Zero   RW          346    .bss.uxCurrentNumberOfTasks  tasks.o
    0x20001524        -       0x00000004   Zero   RW          345    .bss.uxDeletedTasksWaitingCleanUp  tasks.o
    0x20001528        -       0x00000004   Zero   RW          350    .bss.uxSchedulerSuspended  tasks.o
    0x2000152c        -       0x00000004   Zero   RW          343    .bss.uxTaskNumber   tasks.o
    0x20001530        -       0x00000004   Zero   RW          342    .bss.uxTopReadyPriority  tasks.o
    0x20001534        -       0x00000014   Zero   RW          359    .bss.xDelayedTaskList1  tasks.o
    0x20001548        -       0x00000014   Zero   RW          360    .bss.xDelayedTaskList2  tasks.o
    0x2000155c        -       0x00000004   Zero   RW          388    .bss.xFreeBytesRemaining  heap_4.o
    0x20001560        -       0x00000004   Zero   RW          353    .bss.xIdleTaskHandle  tasks.o
    0x20001564        -       0x00000004   Zero   RW          390    .bss.xMinimumEverFreeBytesRemaining  heap_4.o
    0x20001568        -       0x00000004   Zero   RW          354    .bss.xNextTaskUnblockTime  tasks.o
    0x2000156c        -       0x00000004   Zero   RW          358    .bss.xNumOfOverflows  tasks.o
    0x20001570        -       0x00000004   Zero   RW          391    .bss.xNumberOfSuccessfulAllocations  heap_4.o
    0x20001574        -       0x00000004   Zero   RW          392    .bss.xNumberOfSuccessfulFrees  heap_4.o
    0x20001578        -       0x00000004   Zero   RW          355    .bss.xPendedTicks   tasks.o
    0x2000157c        -       0x00000014   Zero   RW          352    .bss.xPendingReadyList  tasks.o
    0x20001590        -       0x00000004   Zero   RW          347    .bss.xSchedulerRunning  tasks.o
    0x20001594        -       0x00000008   Zero   RW          389    .bss.xStart         heap_4.o
    0x2000159c        -       0x00000014   Zero   RW          349    .bss.xSuspendedTaskList  tasks.o
    0x200015b0        -       0x00000014   Zero   RW          344    .bss.xTasksWaitingTermination  tasks.o
    0x200015c4        -       0x00000004   Zero   RW          348    .bss.xTickCount     tasks.o
    0x200015c8        -       0x00000004   Zero   RW          351    .bss.xYieldPending  tasks.o
    0x200015cc   0x080018a4   0x00000004   PAD
    0x200015d0        -       0x00000200   Zero   RW          232    HEAP                startup_at32f413.o
    0x200017d0        -       0x00000400   Zero   RW          231    STACK               startup_at32f413.o


==============================================================================

Image component sizes


      Code (inc. data)   RO Data    RW Data    ZI Data      Debug   Object Name

       104          0          0          0          0       2983   at32f413_clock.o
       544          6          0          0          0      19757   at32f413_crm.o
       234          0          0          0          0      13455   at32f413_gpio.o
        12          0          0          0          0        761   at32f413_int.o
       514          0          0          0       5148       4631   heap_4.o
       102          0          0         12          0       4761   led.o
       122          0          0          0          0       2124   list.o
       158         12          0          0          0        945   main.o
       500         16          0          4          0       2813   port.o
        64         26        368          0       1536        928   startup_at32f413.o
       264         16          0          4          0       7561   system_at32f413.o
      2524         12          4          0        260      22413   tasks.o
        60         12          0          0          4        871   xtp_create_task.o
         0          0          0          8          0       4290   xtp_cross_platform.o
         0          0          0         40          0       4307   xtp_defines.o
        88          0          0          0          0       5893   xtp_gpio.o

    ----------------------------------------------------------------------
      5376        112        404         68       6956      98493   Object Totals
         0          0         32          0          0          0   (incl. Generated)
        86         12          0          0          8          0   (incl. Padding)

    ----------------------------------------------------------------------

      Code (inc. data)   RO Data    RW Data    ZI Data      Debug   Library Member Name

         8          0          0          0          0         68   __main.o
         0          0          0          0          0          0   __rtentry.o
        12          0          0          0          0          0   __rtentry2.o
         6          0          0          0          0          0   __rtentry4.o
        52          8          0          0          0          0   __scatter.o
        26          0          0          0          0          0   __scatter_copy.o
        28          0          0          0          0          0   __scatter_zi.o
        18          0          0          0          0         80   exit.o
         6          0          0          0          0        152   heapauxi.o
         0          0          0          0          0          0   indicate_semi.o
         2          0          0          0          0          0   libinit.o
         6          0          0          0          0          0   libinit2.o
         2          0          0          0          0          0   libshutdown.o
         2          0          0          0          0          0   libshutdown2.o
         8          4          0          0         96         68   libspace.o
        68          0          0          0          0         68   rt_memclr.o
        78          0          0          0          0         80   rt_memclr_w.o
         2          0          0          0          0          0   rtexit.o
        10          0          0          0          0          0   rtexit2.o
        12          4          0          0          0         68   sys_exit.o
        74          0          0          0          0         80   sys_stackheap_outer.o
         2          0          0          0          0         68   use_no_semi.o
        26          0          0          0          0        116   fpinit.o

    ----------------------------------------------------------------------
       456         16          0          0         96        848   Library Totals
         8          0          0          0          0          0   (incl. Padding)

    ----------------------------------------------------------------------

      Code (inc. data)   RO Data    RW Data    ZI Data      Debug   Library Name

       422         16          0          0         96        732   c_w.l
        26          0          0          0          0        116   fz_wm.l

    ----------------------------------------------------------------------
       456         16          0          0         96        848   Library Totals

    ----------------------------------------------------------------------

==============================================================================


      Code (inc. data)   RO Data    RW Data    ZI Data      Debug   

      5832        128        404         68       7052      98841   Grand Totals
      5832        128        404         68       7052      98841   ELF Image Totals
      5832        128        404         68          0          0   ROM Totals

==============================================================================

    Total RO  Size (Code + RO Data)                 6236 (   6.09kB)
    Total RW  Size (RW Data + ZI Data)              7120 (   6.95kB)
    Total ROM Size (Code + RO Data + RW Data)       6304 (   6.16kB)

==============================================================================

